
> restaurant_project@2.0.0 dev
> next dev

   ▲ Next.js 15.2.4
   - Local:        http://localhost:3000
   - Network:      http://169.254.0.21:3000

 ✓ Starting...
Attention: Next.js now collects completely anonymous telemetry regarding usage.
This information is used to shape Next.js' roadmap and prioritize features.
You can learn more, including how to opt-out if you'd not like to participate in this anonymous program, by visiting the following URL:
https://nextjs.org/telemetry

 ✓ Ready in 1939ms
 ○ Compiling / ...
 ✓ Compiled / in 8.4s (944 modules)
 ⨯ ReferenceError: window is not defined
    at (ssr)/./node_modules/react-custom-roulette/dist/bundle.js (.next/server/vendor-chunks/react-custom-roulette.js:19:1)
    at __webpack_require__ (.next/server/webpack-runtime.js:33:42)
    at eval (webpack-internal:///(ssr)/./src/app/components/SpinWheel/wheel.tsx:9:79)
    at (ssr)/./src/app/components/SpinWheel/wheel.tsx (.next/server/app/page.js:673:1)
    at __webpack_require__ (.next/server/webpack-runtime.js:33:42)
    at eval (webpack-internal:///(ssr)/./src/app/components/SpinWheel/index.tsx:7:64)
    at (ssr)/./src/app/components/SpinWheel/index.tsx (.next/server/app/page.js:662:1)
    at __webpack_require__ (.next/server/webpack-runtime.js:33:42)
    at eval (webpack-internal:///(ssr)/./src/app/components/Home/Hero/index.tsx:9:83)
    at (ssr)/./src/app/components/Home/Hero/index.tsx (.next/server/app/page.js:541:1)
    at Object.__webpack_require__ [as require] (.next/server/webpack-runtime.js:33:42) {
  digest: '1915546544'
}
 HEAD / 500 in 9613ms
 ✓ Compiled in 1448ms (389 modules)
 ✓ Compiled in 272ms (389 modules)
 ✓ Compiled in 223ms (389 modules)
 ✓ Compiled in 219ms (389 modules)
 ✓ Compiled in 201ms (389 modules)
 ✓ Compiled in 204ms (389 modules)
 ✓ Compiled in 189ms (389 modules)
 ✓ Compiled in 194ms (389 modules)
 ✓ Compiled in 207ms (389 modules)
 ✓ Compiled in 298ms (389 modules)
 ✓ Compiled in 287ms (389 modules)
 ✓ Compiled in 277ms (389 modules)
 ✓ Compiled in 211ms (389 modules)
 ✓ Compiled in 323ms (389 modules)
 ✓ Compiled in 283ms (389 modules)
 ✓ Compiled in 240ms (389 modules)
 ✓ Compiled in 267ms (389 modules)
 ✓ Compiled in 250ms (389 modules)
 ✓ Compiled in 203ms (389 modules)
 ✓ Compiled in 253ms (389 modules)
 ✓ Compiled in 249ms (389 modules)
 ✓ Compiled in 293ms (389 modules)
 ✓ Compiled in 271ms (389 modules)
 ✓ Compiled in 288ms (389 modules)
 ✓ Compiled in 319ms (389 modules)
 ✓ Compiled in 233ms (389 modules)
 ✓ Compiled in 177ms (389 modules)
 ✓ Compiled in 185ms (389 modules)
 ✓ Compiled in 176ms (389 modules)
 ✓ Compiled in 170ms (389 modules)
 ✓ Compiled in 170ms (389 modules)
 ✓ Compiled in 173ms (389 modules)
 ✓ Compiled in 169ms (389 modules)
 ✓ Compiled in 170ms (389 modules)
 ✓ Compiled in 176ms (389 modules)
 ✓ Compiled in 169ms (389 modules)
 ✓ Compiled in 170ms (389 modules)
 ✓ Compiled in 174ms (389 modules)
 ✓ Compiled in 178ms (389 modules)
 ✓ Compiled in 179ms (389 modules)
 ✓ Compiled in 182ms (389 modules)
 ✓ Compiled in 178ms (389 modules)
 ✓ Compiled in 182ms (389 modules)
 ✓ Compiled in 189ms (389 modules)
 ✓ Compiled in 218ms (389 modules)
 ✓ Compiled in 184ms (389 modules)
 ✓ Compiled in 182ms (389 modules)
 ✓ Compiled in 180ms (389 modules)
 ✓ Compiled in 231ms (389 modules)
 ✓ Compiled in 215ms (389 modules)
 ✓ Compiled in 173ms (389 modules)
 ✓ Compiled in 169ms (389 modules)
 ✓ Compiled in 170ms (389 modules)
 ✓ Compiled in 168ms (389 modules)
 ✓ Compiled in 168ms (389 modules)
 ✓ Compiled in 168ms (389 modules)
 ✓ Compiled in 162ms (389 modules)
 ✓ Compiled in 165ms (389 modules)
 ✓ Compiled in 168ms (389 modules)
 ✓ Compiled in 165ms (389 modules)
 ✓ Compiled in 169ms (389 modules)
 ✓ Compiled in 169ms (389 modules)
 ✓ Compiled in 170ms (389 modules)
 ✓ Compiled in 166ms (389 modules)
 ✓ Compiled in 165ms (389 modules)
 ✓ Compiled in 166ms (389 modules)
 ✓ Compiled in 167ms (389 modules)
 ✓ Compiled in 174ms (389 modules)
 ✓ Compiled in 175ms (389 modules)
 ✓ Compiled in 169ms (389 modules)
 ✓ Compiled in 173ms (389 modules)
 ✓ Compiled in 170ms (389 modules)
 ✓ Compiled in 176ms (389 modules)
 ✓ Compiled in 234ms (389 modules)
 ✓ Compiled in 240ms (389 modules)
 ✓ Compiled in 171ms (389 modules)
 ✓ Compiled in 166ms (389 modules)
 ✓ Compiled in 170ms (389 modules)
 ✓ Compiled in 167ms (389 modules)
 ✓ Compiled in 168ms (389 modules)
 ✓ Compiled in 174ms (389 modules)
 ✓ Compiled in 168ms (389 modules)
 ✓ Compiled in 165ms (389 modules)
 ✓ Compiled in 178ms (389 modules)
 ✓ Compiled in 162ms (389 modules)
 ✓ Compiled in 165ms (389 modules)
 ✓ Compiled in 165ms (389 modules)
 ✓ Compiled in 163ms (389 modules)
 ✓ Compiled in 161ms (389 modules)
 ✓ Compiled in 174ms (389 modules)
 ✓ Compiled in 176ms (389 modules)
 ✓ Compiled in 192ms (389 modules)
 ✓ Compiled in 187ms (389 modules)
 ✓ Compiled in 190ms (389 modules)
 ✓ Compiled in 187ms (389 modules)
 ✓ Compiled in 189ms (389 modules)
 ✓ Compiled in 309ms (389 modules)
 ✓ Compiled in 279ms (389 modules)
 ✓ Compiled in 304ms (389 modules)
 ✓ Compiled in 268ms (389 modules)
 ✓ Compiled in 263ms (389 modules)
 ✓ Compiled in 248ms (389 modules)
 ✓ Compiled in 203ms (389 modules)
 ✓ Compiled in 356ms (389 modules)
 ✓ Compiled in 382ms (389 modules)
 ✓ Compiled in 268ms (389 modules)
 ✓ Compiled in 387ms (389 modules)
 ✓ Compiled in 333ms (389 modules)
 ✓ Compiled in 175ms (389 modules)
 ✓ Compiled in 180ms (389 modules)
 ✓ Compiled in 184ms (389 modules)
 ✓ Compiled in 195ms (389 modules)
 ✓ Compiled in 182ms (389 modules)
 ✓ Compiled in 185ms (389 modules)
 ✓ Compiled in 185ms (389 modules)
 ✓ Compiled in 182ms (389 modules)
 ✓ Compiled in 180ms (389 modules)
 ✓ Compiled in 174ms (389 modules)
 ✓ Compiled in 173ms (389 modules)
 ✓ Compiled in 179ms (389 modules)
 ✓ Compiled in 173ms (389 modules)
 ✓ Compiled in 176ms (389 modules)
 ✓ Compiled in 185ms (389 modules)
 ✓ Compiled in 179ms (389 modules)
 ✓ Compiled in 177ms (389 modules)
 ✓ Compiled in 180ms (389 modules)
 ✓ Compiled in 174ms (389 modules)
 ✓ Compiled in 174ms (389 modules)
 ✓ Compiled in 500ms (389 modules)
 ✓ Compiled in 415ms (389 modules)
 ✓ Compiled in 297ms (389 modules)
 ✓ Compiled in 259ms (389 modules)
 ✓ Compiled in 176ms (389 modules)
 ✓ Compiled in 178ms (389 modules)
 ✓ Compiled in 172ms (389 modules)
 ✓ Compiled in 176ms (389 modules)
 ✓ Compiled in 176ms (389 modules)
 ✓ Compiled in 182ms (389 modules)
 ✓ Compiled in 181ms (389 modules)
 ✓ Compiled in 189ms (389 modules)
 ✓ Compiled in 177ms (389 modules)
 ✓ Compiled in 181ms (389 modules)
 ✓ Compiled in 172ms (389 modules)
 ✓ Compiled in 171ms (389 modules)
 ✓ Compiled in 174ms (389 modules)
 ✓ Compiled in 184ms (389 modules)
 ✓ Compiled in 167ms (389 modules)
 ✓ Compiled in 184ms (389 modules)
 ✓ Compiled in 183ms (389 modules)
 ✓ Compiled in 169ms (389 modules)
 ✓ Compiled in 194ms (389 modules)
 ✓ Compiled in 182ms (389 modules)
 ✓ Compiled in 196ms (389 modules)
 ✓ Compiled in 193ms (389 modules)
 ✓ Compiled in 197ms (389 modules)
 ✓ Compiled in 229ms (389 modules)
 ✓ Compiled in 242ms (389 modules)
 ✓ Compiled in 178ms (389 modules)
 ✓ Compiled in 168ms (389 modules)
 ✓ Compiled in 170ms (389 modules)
 ✓ Compiled in 171ms (389 modules)
 ✓ Compiled in 165ms (389 modules)
 ✓ Compiled in 167ms (389 modules)
 ✓ Compiled in 165ms (389 modules)
 ✓ Compiled in 165ms (389 modules)
 ✓ Compiled in 166ms (389 modules)
 ✓ Compiled in 166ms (389 modules)
 ✓ Compiled in 159ms (389 modules)
 ✓ Compiled in 170ms (389 modules)
 ✓ Compiled in 169ms (389 modules)
 ✓ Compiled in 168ms (389 modules)
 ✓ Compiled in 169ms (389 modules)
 ✓ Compiled in 168ms (389 modules)
 ✓ Compiled in 166ms (389 modules)
 ✓ Compiled in 167ms (389 modules)
 ✓ Compiled in 175ms (389 modules)
 ✓ Compiled in 165ms (389 modules)
 ✓ Compiled in 171ms (389 modules)
 ✓ Compiled in 170ms (389 modules)
 ✓ Compiled in 173ms (389 modules)
 ✓ Compiled in 174ms (389 modules)
 ✓ Compiled in 180ms (389 modules)
 ✓ Compiled in 394ms (389 modules)
 ✓ Compiled in 186ms (389 modules)
 ✓ Compiled in 190ms (389 modules)
 ✓ Compiled in 199ms (389 modules)
 ✓ Compiled in 186ms (389 modules)
 ✓ Compiled in 177ms (389 modules)
 ✓ Compiled in 170ms (389 modules)
 ✓ Compiled in 173ms (389 modules)
 ✓ Compiled in 182ms (389 modules)
 ✓ Compiled in 180ms (389 modules)
 ✓ Compiled in 194ms (389 modules)
 ✓ Compiled in 190ms (389 modules)
 ✓ Compiled in 167ms (389 modules)
 ✓ Compiled in 177ms (389 modules)
 ✓ Compiled in 199ms (389 modules)
 ✓ Compiled in 182ms (389 modules)
 ✓ Compiled in 184ms (389 modules)
 ✓ Compiled in 194ms (389 modules)
 ✓ Compiled in 180ms (389 modules)
 ✓ Compiled in 184ms (389 modules)
 ✓ Compiled in 182ms (389 modules)
 ✓ Compiled in 175ms (389 modules)
 ✓ Compiled in 173ms (389 modules)
 ✓ Compiled in 175ms (389 modules)
 ✓ Compiled in 182ms (389 modules)
 ✓ Compiled in 177ms (389 modules)
 ✓ Compiled in 187ms (389 modules)
 ✓ Compiled in 176ms (389 modules)
 ✓ Compiled in 174ms (389 modules)
 ✓ Compiled in 177ms (389 modules)
 ✓ Compiled in 178ms (389 modules)
 ✓ Compiled in 180ms (389 modules)
 ✓ Compiled in 188ms (389 modules)
 ✓ Compiled in 296ms (389 modules)
 ✓ Compiled in 178ms (389 modules)
 ✓ Compiled in 170ms (389 modules)
 ✓ Compiled in 173ms (389 modules)
 ✓ Compiled in 167ms (389 modules)
 ✓ Compiled in 170ms (389 modules)
 ✓ Compiled in 177ms (389 modules)
 ✓ Compiled in 178ms (389 modules)
 ✓ Compiled in 177ms (389 modules)
 ✓ Compiled in 168ms (389 modules)
 ✓ Compiled in 170ms (389 modules)
 ✓ Compiled in 185ms (389 modules)
 ✓ Compiled in 174ms (389 modules)
 ✓ Compiled in 179ms (389 modules)
 ✓ Compiled in 176ms (389 modules)
 ✓ Compiled in 181ms (389 modules)
 ○ Compiling /documentation ...
 ⨯ ./src/app/components/Documentation/ColorOverrideExample.tsx
Error:   [31mx[0m You're importing a component that needs `useState`. This React hook only works in a client component. To fix, mark the file (or its parent) with the `"use client"` directive.
  [31m|[0m 
  [31m|[0m  Learn more: https://nextjs.org/docs/app/api-reference/directives/use-client
  [31m|[0m 
  [31m|[0m 
   ,-[[36;1;4m/home/user/workspace/package/src/app/components/Documentation/ColorOverrideExample.tsx[0m:1:1]
 [2m1[0m | import React, { useState } from 'react'
   : [35;1m                ^^^^^^^^[0m
 [2m2[0m | 
 [2m3[0m | export const ColorOverrideExample = () => {
 [2m4[0m |   const [selectedColor, setSelectedColor] = useState('#df6853')
   `----

Import trace for requested module:
./src/app/components/Documentation/ColorOverrideExample.tsx
./src/app/components/Documentation/ColorConfiguraion.tsx
./src/app/components/Documentation/Configuration.tsx
./src/app/components/Documentation/Documentation.tsx
./src/app/(site)/documentation/page.tsx
 ⨯ ./src/app/components/Documentation/ColorOverrideExample.tsx
Error:   [31mx[0m You're importing a component that needs `useState`. This React hook only works in a client component. To fix, mark the file (or its parent) with the `"use client"` directive.
  [31m|[0m 
  [31m|[0m  Learn more: https://nextjs.org/docs/app/api-reference/directives/use-client
  [31m|[0m 
  [31m|[0m 
   ,-[[36;1;4m/home/user/workspace/package/src/app/components/Documentation/ColorOverrideExample.tsx[0m:1:1]
 [2m1[0m | import React, { useState } from 'react'
   : [35;1m                ^^^^^^^^[0m
 [2m2[0m | 
 [2m3[0m | export const ColorOverrideExample = () => {
 [2m4[0m |   const [selectedColor, setSelectedColor] = useState('#df6853')
   `----

Import trace for requested module:
./src/app/components/Documentation/ColorOverrideExample.tsx
./src/app/components/Documentation/ColorConfiguraion.tsx
./src/app/components/Documentation/Configuration.tsx
./src/app/components/Documentation/Documentation.tsx
./src/app/(site)/documentation/page.tsx
 ✓ Compiled /_not-found in 281ms (398 modules)
 ✓ Compiled in 1235ms (398 modules)
 ✓ Compiled in 1107ms (398 modules)
 ○ Compiling /_error ...
 ⨯ ./src/app/components/Documentation/ColorOverrideExample.tsx
Error:   [31mx[0m You're importing a component that needs `useState`. This React hook only works in a client component. To fix, mark the file (or its parent) with the `"use client"` directive.
  [31m|[0m 
  [31m|[0m  Learn more: https://nextjs.org/docs/app/api-reference/directives/use-client
  [31m|[0m 
  [31m|[0m 
   ,-[[36;1;4m/home/user/workspace/package/src/app/components/Documentation/ColorOverrideExample.tsx[0m:1:1]
 [2m1[0m | import React, { useState } from 'react'
   : [35;1m                ^^^^^^^^[0m
 [2m2[0m | 
 [2m3[0m | export const ColorOverrideExample = () => {
 [2m4[0m |   const [selectedColor, setSelectedColor] = useState('#df6853')
   `----

Import trace for requested module:
./src/app/components/Documentation/ColorOverrideExample.tsx
./src/app/components/Documentation/ColorConfiguraion.tsx
./src/app/components/Documentation/Configuration.tsx
./src/app/components/Documentation/Documentation.tsx
./src/app/(site)/documentation/page.tsx
 HEAD /documentation 500 in 8039ms
 ✓ Compiled /_error in 278ms (640 modules)
 ✓ Compiled in 232ms (640 modules)
 ✓ Compiled in 268ms (640 modules)
 ✓ Compiled in 225ms (640 modules)
 ✓ Compiled in 230ms (640 modules)
 ✓ Compiled in 220ms (640 modules)
 ✓ Compiled in 232ms (640 modules)
 ✓ Compiled in 267ms (640 modules)
 ✓ Compiled in 232ms (640 modules)
 ✓ Compiled in 269ms (640 modules)
 ✓ Compiled in 213ms (640 modules)
 ✓ Compiled in 220ms (640 modules)
 ✓ Compiled in 223ms (640 modules)
 ✓ Compiled in 232ms (640 modules)
 ✓ Compiled in 244ms (640 modules)
 ✓ Compiled in 248ms (640 modules)
 ✓ Compiled in 229ms (640 modules)
 ✓ Compiled in 240ms (640 modules)
 ✓ Compiled in 305ms (640 modules)
 ✓ Compiled in 899ms (640 modules)
 ✓ Compiled in 330ms (640 modules)
 ✓ Compiled in 237ms (640 modules)
 ✓ Compiled in 298ms (640 modules)
 ✓ Compiled in 248ms (640 modules)
 ✓ Compiled in 284ms (640 modules)
 ✓ Compiled in 384ms (640 modules)
 ✓ Compiled in 484ms (640 modules)
 ✓ Compiled in 225ms (640 modules)
 ✓ Compiled in 251ms (640 modules)
 ✓ Compiled in 273ms (640 modules)
 ✓ Compiled in 233ms (640 modules)
 ✓ Compiled in 244ms (640 modules)
 ✓ Compiled in 245ms (640 modules)
 ✓ Compiled in 224ms (640 modules)
 ✓ Compiled in 226ms (640 modules)
 ✓ Compiled in 264ms (640 modules)
 ✓ Compiled in 220ms (640 modules)
 ✓ Compiled in 213ms (640 modules)
 ✓ Compiled in 215ms (640 modules)
 ✓ Compiled in 240ms (640 modules)
 ✓ Compiled in 224ms (640 modules)
 ✓ Compiled in 239ms (640 modules)
 ✓ Compiled in 227ms (640 modules)
 ✓ Compiled in 218ms (640 modules)
 ✓ Compiled in 232ms (640 modules)
 ✓ Compiled in 240ms (640 modules)
 ✓ Compiled in 273ms (640 modules)
 ✓ Compiled in 243ms (640 modules)
 ✓ Compiled in 231ms (640 modules)
 ✓ Compiled in 236ms (640 modules)
 ✓ Compiled in 213ms (640 modules)
 ✓ Compiled in 210ms (640 modules)
 ✓ Compiled in 232ms (640 modules)
 ✓ Compiled in 237ms (640 modules)
 ✓ Compiled in 230ms (640 modules)
 ✓ Compiled in 251ms (640 modules)
 ✓ Compiled in 361ms (640 modules)
 ✓ Compiled in 347ms (640 modules)
 ✓ Compiled in 238ms (640 modules)
 ✓ Compiled in 733ms (1220 modules)
 ✓ Compiled in 209ms (641 modules)
 ✓ Compiled in 201ms (641 modules)
 ✓ Compiled in 214ms (641 modules)
 ✓ Compiled in 257ms (641 modules)
 ✓ Compiled in 210ms (641 modules)
 ✓ Compiled in 206ms (641 modules)
 ✓ Compiled in 218ms (641 modules)
 ✓ Compiled in 210ms (641 modules)
 ✓ Compiled in 225ms (641 modules)
 ✓ Compiled in 199ms (641 modules)
 ✓ Compiled in 225ms (641 modules)
 ✓ Compiled in 214ms (641 modules)
 ✓ Compiled in 200ms (641 modules)
 ✓ Compiled in 237ms (641 modules)
 ✓ Compiled in 210ms (641 modules)
 ✓ Compiled in 210ms (641 modules)
 ✓ Compiled in 220ms (641 modules)
 ✓ Compiled in 224ms (641 modules)
 ✓ Compiled in 232ms (641 modules)
 ✓ Compiled in 226ms (641 modules)
 ✓ Compiled in 228ms (641 modules)
 ✓ Compiled in 213ms (641 modules)
 ✓ Compiled in 228ms (641 modules)
 ✓ Compiled in 245ms (641 modules)
 ✓ Compiled in 249ms (641 modules)
 ✓ Compiled in 265ms (641 modules)
 ✓ Compiled in 265ms (641 modules)
 ✓ Compiled in 440ms (641 modules)
 ✓ Compiled in 218ms (641 modules)
 ✓ Compiled in 215ms (641 modules)
 ✓ Compiled in 248ms (641 modules)
 ✓ Compiled in 205ms (641 modules)
 ✓ Compiled in 211ms (641 modules)
 ✓ Compiled in 221ms (641 modules)
 ✓ Compiled in 234ms (641 modules)
 ✓ Compiled in 227ms (641 modules)
 ✓ Compiled in 222ms (641 modules)
 ✓ Compiled in 218ms (641 modules)
 ✓ Compiled in 203ms (641 modules)
 ✓ Compiled in 216ms (641 modules)
 ✓ Compiled in 209ms (641 modules)
 ✓ Compiled in 199ms (641 modules)
 ✓ Compiled in 220ms (641 modules)
 ✓ Compiled in 218ms (641 modules)
 ✓ Compiled in 270ms (641 modules)
 ✓ Compiled in 427ms (641 modules)
 ✓ Compiled in 271ms (641 modules)
 ✓ Compiled in 266ms (641 modules)
 ✓ Compiled in 272ms (641 modules)
 ✓ Compiled in 305ms (641 modules)
 ✓ Compiled in 267ms (641 modules)
 ✓ Compiled in 258ms (641 modules)
 ✓ Compiled in 303ms (641 modules)
 ✓ Compiled in 350ms (641 modules)
 ✓ Compiled in 312ms (641 modules)
 ✓ Compiled in 314ms (641 modules)
 ✓ Compiled in 294ms (641 modules)
 ✓ Compiled in 304ms (641 modules)
 ✓ Compiled in 297ms (641 modules)
 ✓ Compiled in 263ms (641 modules)
 ✓ Compiled in 236ms (641 modules)
 ✓ Compiled in 237ms (641 modules)
 ✓ Compiled in 319ms (641 modules)
 ✓ Compiled in 251ms (641 modules)
 ✓ Compiled in 251ms (641 modules)
 ✓ Compiled in 314ms (641 modules)
 ✓ Compiled in 280ms (641 modules)
 ✓ Compiled in 318ms (641 modules)
 ✓ Compiled in 259ms (641 modules)
 ✓ Compiled in 449ms (641 modules)
 ✓ Compiled in 239ms (641 modules)
 ✓ Compiled in 355ms (641 modules)
 ✓ Compiled in 333ms (641 modules)
 ✓ Compiled in 216ms (641 modules)
 ✓ Compiled in 216ms (641 modules)
 ✓ Compiled in 214ms (641 modules)
 ✓ Compiled in 216ms (641 modules)
 ✓ Compiled in 217ms (641 modules)
 ✓ Compiled in 214ms (641 modules)
 ✓ Compiled in 224ms (641 modules)
 ✓ Compiled in 213ms (641 modules)
 ✓ Compiled in 216ms (641 modules)
 ✓ Compiled in 218ms (641 modules)
 ✓ Compiled in 197ms (641 modules)
 ✓ Compiled in 249ms (641 modules)
 ✓ Compiled in 220ms (641 modules)
 ✓ Compiled in 211ms (641 modules)
 ✓ Compiled in 221ms (641 modules)
 ✓ Compiled in 212ms (641 modules)
 ✓ Compiled in 214ms (641 modules)
 ✓ Compiled in 207ms (641 modules)
 ✓ Compiled in 214ms (641 modules)
 ✓ Compiled in 213ms (641 modules)
 ✓ Compiled in 213ms (641 modules)
 ✓ Compiled in 218ms (641 modules)
 ✓ Compiled in 205ms (641 modules)
 ✓ Compiled in 222ms (641 modules)
 ✓ Compiled in 208ms (641 modules)
 ✓ Compiled in 247ms (641 modules)
 ✓ Compiled in 216ms (641 modules)
 ✓ Compiled in 210ms (641 modules)
 ✓ Compiled in 219ms (641 modules)
 ✓ Compiled in 301ms (641 modules)
 ✓ Compiled in 268ms (641 modules)
 ✓ Compiled in 217ms (641 modules)
 ✓ Compiled in 197ms (641 modules)
 ✓ Compiled in 199ms (641 modules)
 ✓ Compiled in 200ms (641 modules)
 ✓ Compiled in 203ms (641 modules)
 ✓ Compiled in 207ms (641 modules)
 ✓ Compiled in 196ms (641 modules)
 ✓ Compiled in 193ms (641 modules)
 ✓ Compiled in 197ms (641 modules)
 ✓ Compiled in 200ms (641 modules)
 ✓ Compiled in 211ms (641 modules)
 ✓ Compiled in 192ms (641 modules)
 ✓ Compiled in 197ms (641 modules)
 ✓ Compiled in 206ms (641 modules)
 ✓ Compiled in 198ms (641 modules)
 ✓ Compiled in 210ms (641 modules)
 ✓ Compiled in 198ms (641 modules)
 ✓ Compiled in 218ms (641 modules)
Each child in a list should have a unique "key" prop.

Check the top-level render call using <p>. See https://react.dev/link/warning-keys for more information.
Each child in a list should have a unique "key" prop.

Check the top-level render call using <p>. See https://react.dev/link/warning-keys for more information.
Each child in a list should have a unique "key" prop.

Check the top-level render call using <p>. See https://react.dev/link/warning-keys for more information.
Each child in a list should have a unique "key" prop.

Check the top-level render call using <p>. See https://react.dev/link/warning-keys for more information.
Each child in a list should have a unique "key" prop.

Check the top-level render call using <p>. See https://react.dev/link/warning-keys for more information.
 HEAD /documentation 200 in 542ms
 ✓ Compiled in 705ms (641 modules)
 ✓ Compiled in 206ms (641 modules)
 ✓ Compiled in 203ms (641 modules)
 ✓ Compiled in 201ms (641 modules)
 ✓ Compiled in 199ms (641 modules)
 ✓ Compiled in 204ms (641 modules)
 ✓ Compiled in 207ms (641 modules)
 ✓ Compiled in 204ms (641 modules)
 ✓ Compiled in 221ms (641 modules)
 ✓ Compiled in 218ms (641 modules)
 ✓ Compiled in 321ms (641 modules)
 ✓ Compiled in 220ms (641 modules)
 ✓ Compiled in 207ms (641 modules)
 ✓ Compiled in 215ms (641 modules)
 ✓ Compiled in 201ms (641 modules)
 ✓ Compiled in 199ms (641 modules)
 ✓ Compiled in 193ms (641 modules)
 ✓ Compiled in 213ms (641 modules)
 ✓ Compiled in 216ms (641 modules)
 ✓ Compiled in 196ms (641 modules)
 ✓ Compiled in 203ms (641 modules)
 ✓ Compiled in 209ms (641 modules)
 ✓ Compiled in 204ms (641 modules)
 ✓ Compiled in 206ms (641 modules)
 ✓ Compiled in 199ms (641 modules)
 ✓ Compiled in 201ms (641 modules)
 ✓ Compiled in 200ms (641 modules)
 ✓ Compiled in 190ms (641 modules)
 ✓ Compiled in 195ms (641 modules)
 ✓ Compiled in 197ms (641 modules)
 ✓ Compiled in 201ms (641 modules)
 ✓ Compiled in 200ms (641 modules)
 ✓ Compiled in 198ms (641 modules)
 ✓ Compiled in 191ms (641 modules)
 ✓ Compiled in 190ms (641 modules)
 ✓ Compiled in 199ms (641 modules)
 ✓ Compiled in 208ms (641 modules)
 ✓ Compiled in 206ms (641 modules)
 ✓ Compiled in 199ms (641 modules)
 ✓ Compiled in 190ms (641 modules)
 ✓ Compiled in 197ms (641 modules)
 ✓ Compiled in 200ms (641 modules)
 ✓ Compiled in 335ms (641 modules)
 ✓ Compiled in 224ms (641 modules)
 ✓ Compiled in 206ms (641 modules)
 ○ Compiling / ...
 ✓ Compiled / in 1046ms (1265 modules)
 ⨯ ReferenceError: window is not defined
    at (ssr)/./node_modules/react-custom-roulette/dist/bundle.js (.next/server/vendor-chunks/react-custom-roulette.js:19:1)
    at __webpack_require__ (.next/server/webpack-runtime.js:33:42)
    at eval (webpack-internal:///(ssr)/./src/app/components/SpinWheel/wheel.tsx:9:79)
    at (ssr)/./src/app/components/SpinWheel/wheel.tsx (.next/server/app/page.js:673:1)
    at __webpack_require__ (.next/server/webpack-runtime.js:33:42)
    at eval (webpack-internal:///(ssr)/./src/app/components/SpinWheel/index.tsx:7:64)
    at (ssr)/./src/app/components/SpinWheel/index.tsx (.next/server/app/page.js:662:1)
    at __webpack_require__ (.next/server/webpack-runtime.js:33:42)
    at eval (webpack-internal:///(ssr)/./src/app/components/Home/Hero/index.tsx:9:83)
    at (ssr)/./src/app/components/Home/Hero/index.tsx (.next/server/app/page.js:541:1)
    at Object.__webpack_require__ [as require] (.next/server/webpack-runtime.js:33:42) {
  digest: '1915546544'
}
 HEAD / 500 in 1544ms
 ✓ Compiled in 868ms (641 modules)
 ✓ Compiled in 222ms (641 modules)
 ✓ Compiled in 220ms (641 modules)
 ✓ Compiled in 206ms (641 modules)
 ✓ Compiled in 210ms (641 modules)
 ✓ Compiled in 209ms (641 modules)
 ✓ Compiled in 210ms (641 modules)
 ✓ Compiled in 204ms (641 modules)
 ✓ Compiled in 205ms (641 modules)
 ✓ Compiled in 218ms (641 modules)
 ✓ Compiled in 215ms (641 modules)
 ✓ Compiled in 207ms (641 modules)
 ✓ Compiled in 208ms (641 modules)
 ✓ Compiled in 201ms (641 modules)
 ✓ Compiled in 202ms (641 modules)
 ✓ Compiled in 198ms (641 modules)
 ✓ Compiled in 207ms (641 modules)
 ✓ Compiled in 214ms (641 modules)
 ✓ Compiled in 319ms (641 modules)
 ✓ Compiled in 213ms (641 modules)
 ✓ Compiled in 206ms (641 modules)
 ✓ Compiled in 203ms (641 modules)
 ✓ Compiled in 199ms (641 modules)
 ✓ Compiled in 206ms (641 modules)
 ✓ Compiled in 202ms (641 modules)
 ✓ Compiled in 198ms (641 modules)
 ✓ Compiled in 204ms (641 modules)
 ✓ Compiled in 200ms (641 modules)
 ✓ Compiled in 205ms (641 modules)
 ✓ Compiled in 209ms (641 modules)
 ✓ Compiled in 196ms (641 modules)
 ✓ Compiled in 208ms (641 modules)
 ✓ Compiled in 203ms (641 modules)
 ✓ Compiled in 211ms (641 modules)
 ✓ Compiled in 207ms (641 modules)
 ✓ Compiled in 209ms (641 modules)
 ✓ Compiled in 205ms (641 modules)
 ✓ Compiled in 203ms (641 modules)
 ✓ Compiled in 212ms (641 modules)
 ✓ Compiled in 212ms (641 modules)
 ✓ Compiled in 202ms (641 modules)
 ✓ Compiled in 222ms (641 modules)
 ✓ Compiled in 211ms (641 modules)
 ✓ Compiled in 220ms (641 modules)
 ✓ Compiled in 203ms (641 modules)
 ✓ Compiled in 205ms (641 modules)
 ✓ Compiled in 203ms (641 modules)
 ✓ Compiled in 214ms (641 modules)
 ✓ Compiled in 210ms (641 modules)
 ✓ Compiled in 208ms (641 modules)
 ✓ Compiled in 218ms (641 modules)
 ✓ Compiled in 284ms (641 modules)
 ✓ Compiled in 370ms (641 modules)
 ✓ Compiled in 212ms (641 modules)
 ✓ Compiled in 207ms (641 modules)
 ✓ Compiled in 208ms (641 modules)
 ✓ Compiled in 224ms (641 modules)
 ✓ Compiled in 196ms (641 modules)
 ✓ Compiled in 197ms (641 modules)
 ✓ Compiled in 192ms (641 modules)
 ✓ Compiled in 199ms (641 modules)
 ✓ Compiled in 205ms (641 modules)
 ✓ Compiled in 197ms (641 modules)
 ✓ Compiled in 202ms (641 modules)
 ✓ Compiled in 191ms (641 modules)
 ✓ Compiled in 190ms (641 modules)
 ✓ Compiled in 197ms (641 modules)
 ✓ Compiled in 206ms (641 modules)
 ✓ Compiled in 213ms (641 modules)
 ✓ Compiled in 201ms (641 modules)
 ✓ Compiled in 210ms (641 modules)
 ✓ Compiled in 222ms (641 modules)
 ✓ Compiled in 208ms (641 modules)
 ✓ Compiled in 257ms (641 modules)
 ✓ Compiled in 249ms (641 modules)
 ✓ Compiled in 251ms (641 modules)
 ✓ Compiled in 219ms (641 modules)
 ✓ Compiled in 214ms (641 modules)
 ✓ Compiled in 244ms (641 modules)
 ✓ Compiled in 233ms (641 modules)
 ✓ Compiled in 350ms (641 modules)
 ✓ Compiled in 339ms (641 modules)
 ✓ Compiled in 356ms (641 modules)
 ✓ Compiled in 435ms (641 modules)
 ✓ Compiled in 274ms (641 modules)
 ✓ Compiled in 243ms (641 modules)
 ✓ Compiled in 338ms (641 modules)
 ✓ Compiled in 326ms (641 modules)
 ✓ Compiled in 249ms (641 modules)
 ✓ Compiled in 288ms (641 modules)
 ✓ Compiled in 391ms (641 modules)
 ✓ Compiled in 247ms (641 modules)
 ✓ Compiled in 305ms (641 modules)
 ✓ Compiled in 234ms (641 modules)
 ✓ Compiled in 335ms (641 modules)
 ✓ Compiled in 245ms (641 modules)
 ✓ Compiled in 332ms (641 modules)
 ✓ Compiled in 244ms (641 modules)
 ✓ Compiled in 304ms (641 modules)
 ✓ Compiled in 582ms (641 modules)
 ✓ Compiled in 344ms (641 modules)
 ✓ Compiled in 215ms (641 modules)
 ✓ Compiled in 212ms (641 modules)
 ✓ Compiled in 225ms (641 modules)
 ✓ Compiled in 215ms (641 modules)
 ✓ Compiled in 216ms (641 modules)
 ✓ Compiled in 218ms (641 modules)
 ✓ Compiled in 219ms (641 modules)
 ✓ Compiled in 209ms (641 modules)
 ✓ Compiled in 206ms (641 modules)
 ✓ Compiled in 208ms (641 modules)
 ✓ Compiled in 241ms (641 modules)
 ✓ Compiled in 213ms (641 modules)
 ✓ Compiled in 211ms (641 modules)
 ✓ Compiled in 208ms (641 modules)
 ✓ Compiled in 212ms (641 modules)
 ✓ Compiled in 202ms (641 modules)
 ✓ Compiled in 211ms (641 modules)
 ✓ Compiled in 236ms (641 modules)
 ✓ Compiled in 208ms (641 modules)
 ✓ Compiled in 207ms (641 modules)
 ✓ Compiled in 206ms (641 modules)
 ✓ Compiled in 206ms (641 modules)
 ✓ Compiled in 248ms (641 modules)
 ✓ Compiled in 227ms (641 modules)
 ✓ Compiled in 222ms (641 modules)
 ✓ Compiled in 227ms (641 modules)
 ✓ Compiled in 214ms (641 modules)
 ✓ Compiled in 228ms (641 modules)
Each child in a list should have a unique "key" prop.

Check the top-level render call using <p>. See https://react.dev/link/warning-keys for more information.
Each child in a list should have a unique "key" prop.

Check the top-level render call using <p>. See https://react.dev/link/warning-keys for more information.
Each child in a list should have a unique "key" prop.

Check the top-level render call using <p>. See https://react.dev/link/warning-keys for more information.
Each child in a list should have a unique "key" prop.

Check the top-level render call using <p>. See https://react.dev/link/warning-keys for more information.
Each child in a list should have a unique "key" prop.

Check the top-level render call using <p>. See https://react.dev/link/warning-keys for more information.
 ✓ Compiled in 459ms (641 modules)
 GET /documentation 200 in 562ms
 ✓ Compiled in 330ms (641 modules)
 ✓ Compiled in 278ms (641 modules)
 ✓ Compiled in 240ms (641 modules)
 ✓ Compiled in 391ms (641 modules)
 ✓ Compiled in 228ms (641 modules)
 ✓ Compiled in 229ms (641 modules)
 ✓ Compiled in 226ms (641 modules)
 ✓ Compiled in 223ms (641 modules)
 ✓ Compiled in 214ms (641 modules)
 ✓ Compiled in 216ms (641 modules)
 ⚠ Cross origin request detected from 6e31eb8f56db12748d.blackbx.ai to /_next/* resource. In a future major version of Next.js, you will need to explicitly configure "allowedDevOrigins" in next.config to allow this.
Read more: https://nextjs.org/docs/app/api-reference/config/next-config-js/allowedDevOrigins
 ○ Compiling /api/data ...
 ✓ Compiled /api/data in 946ms (1241 modules)
 GET /api/data 200 in 884ms
 ✓ Compiled in 592ms (641 modules)
 GET /api/data 200 in 264ms
 GET /documentation 200 in 474ms
 ✓ Compiled in 260ms (641 modules)
 ✓ Compiled in 343ms (641 modules)
 GET /documentation 200 in 425ms
 ✓ Compiled in 235ms (641 modules)
 ✓ Compiled in 302ms (641 modules)
 GET /documentation 200 in 385ms
 ✓ Compiled in 247ms (641 modules)
 ✓ Compiled in 317ms (641 modules)
 GET /documentation 200 in 410ms
 ✓ Compiled in 241ms (641 modules)
 ✓ Compiled in 298ms (641 modules)
 GET /documentation 200 in 387ms
 ✓ Compiled in 245ms (641 modules)
 ✓ Compiled in 309ms (641 modules)
 GET /documentation 200 in 408ms
 ✓ Compiled in 287ms (641 modules)
 ✓ Compiled in 305ms (641 modules)
 GET /documentation 200 in 417ms
 ✓ Compiled in 244ms (641 modules)
 ✓ Compiled in 365ms (641 modules)
 GET /documentation 200 in 455ms
 ✓ Compiled in 250ms (641 modules)
 ✓ Compiled in 348ms (641 modules)
 GET /documentation 200 in 435ms
 ✓ Compiled in 256ms (641 modules)
 ✓ Compiled in 358ms (641 modules)
 GET /documentation 200 in 454ms
 ✓ Compiled in 252ms (641 modules)
 ✓ Compiled in 307ms (641 modules)
 GET /documentation 200 in 402ms
 ✓ Compiled in 246ms (641 modules)
 ✓ Compiled in 297ms (641 modules)
 GET /documentation 200 in 390ms
 ✓ Compiled in 240ms (641 modules)
 ✓ Compiled in 293ms (641 modules)
 GET /documentation 200 in 370ms
 ✓ Compiled in 244ms (641 modules)
 ✓ Compiled in 298ms (641 modules)
 GET /documentation 200 in 391ms
 ✓ Compiled in 288ms (641 modules)
 ✓ Compiled in 467ms (641 modules)
 GET /documentation 200 in 606ms
 ✓ Compiled in 255ms (641 modules)
 ✓ Compiled in 313ms (641 modules)
 GET /documentation 200 in 397ms
 ✓ Compiled in 250ms (641 modules)
 ✓ Compiled in 316ms (641 modules)
 GET /documentation 200 in 407ms
 ✓ Compiled in 244ms (641 modules)
 ✓ Compiled in 300ms (641 modules)
 GET /documentation 200 in 384ms
 ✓ Compiled in 227ms (641 modules)
 ✓ Compiled in 299ms (641 modules)
 GET /documentation 200 in 385ms
 ✓ Compiled in 262ms (641 modules)
 ✓ Compiled in 279ms (641 modules)
 GET /documentation 200 in 377ms
 ✓ Compiled in 231ms (641 modules)
 ✓ Compiled in 293ms (641 modules)
 GET /documentation 200 in 379ms
 ✓ Compiled in 217ms (641 modules)
 ✓ Compiled in 286ms (641 modules)
 GET /documentation 200 in 367ms
 ✓ Compiled in 219ms (641 modules)
 ✓ Compiled in 290ms (641 modules)
 GET /documentation 200 in 371ms
 ✓ Compiled in 228ms (641 modules)
 ✓ Compiled in 276ms (641 modules)
 GET /documentation 200 in 361ms
 ✓ Compiled in 225ms (641 modules)
 ✓ Compiled in 307ms (641 modules)
 GET /documentation 200 in 395ms
 ✓ Compiled in 235ms (641 modules)
 ✓ Compiled in 282ms (641 modules)
 GET /documentation 200 in 369ms
 ✓ Compiled in 225ms (641 modules)
 ✓ Compiled in 282ms (641 modules)
 GET /documentation 200 in 357ms
 ✓ Compiled in 500ms (641 modules)
 ✓ Compiled in 296ms (641 modules)
 GET /documentation 200 in 612ms
 ✓ Compiled in 220ms (641 modules)
 ✓ Compiled in 307ms (641 modules)
 GET /documentation 200 in 393ms
 ✓ Compiled in 242ms (641 modules)
 ✓ Compiled in 298ms (641 modules)
 GET /documentation 200 in 391ms
 ✓ Compiled in 230ms (641 modules)
 ✓ Compiled in 307ms (641 modules)
 GET /documentation 200 in 393ms
 ✓ Compiled in 248ms (641 modules)
 ✓ Compiled in 309ms (641 modules)
 GET /documentation 200 in 395ms
 ✓ Compiled in 230ms (641 modules)
 ✓ Compiled in 555ms (641 modules)
 GET /documentation 200 in 633ms
 ✓ Compiled in 252ms (641 modules)
 ✓ Compiled in 298ms (641 modules)
 GET /documentation 200 in 393ms
 ✓ Compiled in 234ms (641 modules)
 ✓ Compiled in 293ms (641 modules)
 GET /documentation 200 in 385ms
 ✓ Compiled in 246ms (641 modules)
 ✓ Compiled in 304ms (641 modules)
 GET /documentation 200 in 392ms
 ✓ Compiled in 232ms (641 modules)
 ✓ Compiled in 295ms (641 modules)
 GET /documentation 200 in 378ms
 ✓ Compiled in 240ms (641 modules)
 ✓ Compiled in 296ms (641 modules)
 GET /documentation 200 in 385ms
 ✓ Compiled in 228ms (641 modules)
 ✓ Compiled in 299ms (641 modules)
 GET /documentation 200 in 383ms
 ✓ Compiled in 227ms (641 modules)
 ✓ Compiled in 307ms (641 modules)
 GET /documentation 200 in 394ms
 ✓ Compiled in 231ms (641 modules)
 ✓ Compiled in 314ms (641 modules)
 GET /documentation 200 in 396ms
 ✓ Compiled in 242ms (641 modules)
 ✓ Compiled in 308ms (641 modules)
 GET /documentation 200 in 404ms
 ✓ Compiled in 232ms (641 modules)
 ✓ Compiled in 318ms (641 modules)
 GET /documentation 200 in 409ms
 ✓ Compiled in 244ms (641 modules)
 ✓ Compiled in 301ms (641 modules)
 GET /documentation 200 in 393ms
 ✓ Compiled in 233ms (641 modules)
 ✓ Compiled in 293ms (641 modules)
 GET /documentation 200 in 379ms
 ✓ Compiled in 247ms (641 modules)
 ✓ Compiled in 300ms (641 modules)
 GET /documentation 200 in 391ms
 ✓ Compiled in 228ms (641 modules)
 ✓ Compiled in 242ms (641 modules)
 ✓ Compiled in 233ms (641 modules)
 ✓ Compiled in 227ms (641 modules)
 ✓ Compiled in 230ms (641 modules)
 ✓ Compiled in 240ms (641 modules)
 ✓ Compiled in 275ms (641 modules)
 ✓ Compiled in 270ms (641 modules)
 ✓ Compiled in 253ms (641 modules)
 ✓ Compiled in 240ms (641 modules)
 ✓ Compiled in 240ms (641 modules)
 ✓ Compiled in 259ms (641 modules)
 ✓ Compiled in 271ms (641 modules)
 ✓ Compiled in 253ms (641 modules)
 ✓ Compiled in 237ms (641 modules)
 ✓ Compiled in 240ms (641 modules)
 ✓ Compiled in 231ms (641 modules)
 ✓ Compiled in 233ms (641 modules)
 ✓ Compiled in 251ms (641 modules)
 ✓ Compiled in 417ms (641 modules)
 ✓ Compiled in 303ms (641 modules)
 ✓ Compiled in 211ms (641 modules)
 ✓ Compiled in 229ms (641 modules)
 ✓ Compiled in 215ms (641 modules)
 ✓ Compiled in 222ms (641 modules)
 ✓ Compiled in 258ms (641 modules)
 ✓ Compiled in 233ms (641 modules)
 ✓ Compiled in 206ms (641 modules)
 ✓ Compiled in 221ms (641 modules)
 ✓ Compiled in 216ms (641 modules)
 ✓ Compiled in 228ms (641 modules)
 ✓ Compiled in 218ms (641 modules)
 ✓ Compiled in 211ms (641 modules)
 ✓ Compiled in 210ms (641 modules)
 ✓ Compiled in 213ms (641 modules)
 ✓ Compiled in 207ms (641 modules)
 ✓ Compiled in 213ms (641 modules)
 ✓ Compiled in 208ms (641 modules)
 ✓ Compiled in 224ms (641 modules)
 ✓ Compiled in 213ms (641 modules)
 ✓ Compiled in 216ms (641 modules)
 ✓ Compiled in 218ms (641 modules)
 ✓ Compiled in 219ms (641 modules)
 ✓ Compiled in 219ms (641 modules)
 ✓ Compiled in 223ms (641 modules)
 ✓ Compiled in 204ms (641 modules)
 ✓ Compiled in 216ms (641 modules)
 ✓ Compiled in 207ms (641 modules)
 ✓ Compiled in 211ms (641 modules)
 ✓ Compiled in 210ms (641 modules)
 ✓ Compiled in 203ms (641 modules)
 ✓ Compiled in 211ms (641 modules)
 ✓ Compiled in 217ms (641 modules)
 ✓ Compiled in 217ms (641 modules)
 ✓ Compiled in 208ms (641 modules)
 ✓ Compiled in 379ms (641 modules)
 ✓ Compiled in 233ms (641 modules)
 ✓ Compiled in 236ms (641 modules)
 ✓ Compiled in 224ms (641 modules)
 ✓ Compiled in 246ms (641 modules)
 ✓ Compiled in 211ms (641 modules)
 ✓ Compiled in 217ms (641 modules)
 ✓ Compiled in 212ms (641 modules)
 ✓ Compiled in 209ms (641 modules)
 ✓ Compiled in 212ms (641 modules)
 ✓ Compiled in 213ms (641 modules)
 ✓ Compiled in 211ms (641 modules)
 ✓ Compiled in 221ms (641 modules)
 ✓ Compiled in 220ms (641 modules)
 ✓ Compiled in 214ms (641 modules)
 ✓ Compiled in 210ms (641 modules)
 ✓ Compiled in 214ms (641 modules)
 ✓ Compiled in 212ms (641 modules)
 ✓ Compiled in 213ms (641 modules)
 ✓ Compiled in 209ms (641 modules)
 ✓ Compiled in 213ms (641 modules)
 ✓ Compiled in 205ms (641 modules)
 ✓ Compiled in 213ms (641 modules)
 ✓ Compiled in 211ms (641 modules)
 ✓ Compiled in 218ms (641 modules)
 ✓ Compiled in 208ms (641 modules)
 ✓ Compiled in 210ms (641 modules)
 ✓ Compiled in 208ms (641 modules)
 ✓ Compiled in 212ms (641 modules)
 ✓ Compiled in 213ms (641 modules)
 ✓ Compiled in 230ms (641 modules)
 ✓ Compiled in 208ms (641 modules)
 ✓ Compiled in 213ms (641 modules)
 ✓ Compiled in 219ms (641 modules)
 ✓ Compiled in 223ms (641 modules)
 ✓ Compiled in 235ms (641 modules)
 ✓ Compiled in 333ms (641 modules)
 ✓ Compiled in 223ms (641 modules)
 ✓ Compiled in 214ms (641 modules)
 ✓ Compiled in 216ms (641 modules)
 ✓ Compiled in 210ms (641 modules)
 ✓ Compiled in 214ms (641 modules)
 ✓ Compiled in 212ms (641 modules)
 ✓ Compiled in 212ms (641 modules)
 ✓ Compiled in 216ms (641 modules)
 ✓ Compiled in 205ms (641 modules)
 ✓ Compiled in 218ms (641 modules)
 ✓ Compiled in 205ms (641 modules)
 ✓ Compiled in 215ms (641 modules)
 ✓ Compiled in 210ms (641 modules)
 ✓ Compiled in 207ms (641 modules)
 ✓ Compiled in 208ms (641 modules)
 ✓ Compiled in 205ms (641 modules)
 ✓ Compiled in 211ms (641 modules)
 ✓ Compiled in 215ms (641 modules)
 ✓ Compiled in 204ms (641 modules)
 ✓ Compiled in 207ms (641 modules)
 ✓ Compiled in 204ms (641 modules)
 ✓ Compiled in 207ms (641 modules)
 ✓ Compiled in 211ms (641 modules)
 ✓ Compiled in 210ms (641 modules)
 ✓ Compiled in 214ms (641 modules)
 ✓ Compiled in 207ms (641 modules)
 ✓ Compiled in 210ms (641 modules)
 ✓ Compiled in 206ms (641 modules)
 ✓ Compiled in 212ms (641 modules)
 ✓ Compiled in 201ms (641 modules)
 ✓ Compiled in 202ms (641 modules)
 ✓ Compiled in 212ms (641 modules)
 ✓ Compiled in 216ms (641 modules)
 ✓ Compiled in 221ms (641 modules)
 ✓ Compiled in 220ms (641 modules)
 ✓ Compiled in 442ms (641 modules)
 ✓ Compiled in 235ms (641 modules)
 ✓ Compiled in 247ms (641 modules)
 ✓ Compiled in 331ms (641 modules)
 ✓ Compiled in 340ms (641 modules)
 ✓ Compiled in 363ms (641 modules)
 ✓ Compiled in 381ms (641 modules)
 ✓ Compiled in 434ms (641 modules)
 ✓ Compiled in 340ms (641 modules)
 ✓ Compiled in 347ms (641 modules)
 ✓ Compiled in 334ms (641 modules)
 ✓ Compiled in 335ms (641 modules)
 ✓ Compiled in 1225ms (641 modules)
 ✓ Compiled in 381ms (641 modules)
 ✓ Compiled in 382ms (641 modules)
 ✓ Compiled in 369ms (641 modules)
 ✓ Compiled in 349ms (641 modules)
 ✓ Compiled in 361ms (641 modules)
 ✓ Compiled in 256ms (641 modules)
 ✓ Compiled in 224ms (641 modules)
 ✓ Compiled in 226ms (641 modules)
 ✓ Compiled in 223ms (641 modules)
 ✓ Compiled in 224ms (641 modules)
 ✓ Compiled in 236ms (641 modules)
 ✓ Compiled in 262ms (641 modules)
 ✓ Compiled in 223ms (641 modules)
 ✓ Compiled in 218ms (641 modules)
 ✓ Compiled in 216ms (641 modules)
 ✓ Compiled in 220ms (641 modules)
 ✓ Compiled in 218ms (641 modules)
 ✓ Compiled in 233ms (641 modules)
 ✓ Compiled in 221ms (641 modules)
 ✓ Compiled in 217ms (641 modules)
 ✓ Compiled in 214ms (641 modules)
 ✓ Compiled in 217ms (641 modules)
 ✓ Compiled in 219ms (641 modules)
 ✓ Compiled in 214ms (641 modules)
 ✓ Compiled in 220ms (641 modules)
 ✓ Compiled in 213ms (641 modules)
 ✓ Compiled in 215ms (641 modules)
 ✓ Compiled in 213ms (641 modules)
 ✓ Compiled in 208ms (641 modules)
 ✓ Compiled in 216ms (641 modules)
 ✓ Compiled in 236ms (641 modules)
 ✓ Compiled in 221ms (641 modules)
 ✓ Compiled in 227ms (641 modules)
 ✓ Compiled in 217ms (641 modules)
 ✓ Compiled in 237ms (641 modules)
 ✓ Compiled in 360ms (641 modules)
 ✓ Compiled in 230ms (641 modules)
 ✓ Compiled in 217ms (641 modules)
 ✓ Compiled in 223ms (641 modules)
 ✓ Compiled in 218ms (641 modules)
 ✓ Compiled in 226ms (641 modules)
 ✓ Compiled in 223ms (641 modules)
 ✓ Compiled in 228ms (641 modules)
 ✓ Compiled in 218ms (641 modules)
 ✓ Compiled in 227ms (641 modules)
 ✓ Compiled in 212ms (641 modules)
 ✓ Compiled in 237ms (641 modules)
 ✓ Compiled in 220ms (641 modules)
 ✓ Compiled in 222ms (641 modules)
 ✓ Compiled in 221ms (641 modules)
 ✓ Compiled in 213ms (641 modules)
 ✓ Compiled in 215ms (641 modules)
 ✓ Compiled in 218ms (641 modules)
 ✓ Compiled in 221ms (641 modules)
 ✓ Compiled in 222ms (641 modules)
 ✓ Compiled in 215ms (641 modules)
 ✓ Compiled in 218ms (641 modules)
 ✓ Compiled in 217ms (641 modules)
 ✓ Compiled in 210ms (641 modules)
 ✓ Compiled in 212ms (641 modules)
 ✓ Compiled in 213ms (641 modules)
 ✓ Compiled in 216ms (641 modules)
 ✓ Compiled in 213ms (641 modules)
 ✓ Compiled in 222ms (641 modules)
 ✓ Compiled in 205ms (641 modules)
 ✓ Compiled in 218ms (641 modules)
 ✓ Compiled in 202ms (641 modules)
 ✓ Compiled in 223ms (641 modules)
 ✓ Compiled in 210ms (641 modules)
 ✓ Compiled in 223ms (641 modules)
 ✓ Compiled in 223ms (641 modules)
 ✓ Compiled in 375ms (641 modules)
 ✓ Compiled in 220ms (641 modules)
 ✓ Compiled in 224ms (641 modules)
 ✓ Compiled in 218ms (641 modules)
 ✓ Compiled in 220ms (641 modules)
 ✓ Compiled in 217ms (641 modules)
 ✓ Compiled in 214ms (641 modules)
 ✓ Compiled in 212ms (641 modules)
 ✓ Compiled in 214ms (641 modules)
 ✓ Compiled in 206ms (641 modules)
 ✓ Compiled in 216ms (641 modules)
 ✓ Compiled in 215ms (641 modules)
 ✓ Compiled in 212ms (641 modules)
 ✓ Compiled in 211ms (641 modules)
 ✓ Compiled in 216ms (641 modules)
 ✓ Compiled in 204ms (641 modules)
 ✓ Compiled in 218ms (641 modules)
 ✓ Compiled in 210ms (641 modules)
 ✓ Compiled in 212ms (641 modules)
 ✓ Compiled in 221ms (641 modules)
 ✓ Compiled in 256ms (641 modules)
 ✓ Compiled in 211ms (641 modules)
 ✓ Compiled in 214ms (641 modules)
 ✓ Compiled in 210ms (641 modules)
 ✓ Compiled in 211ms (641 modules)
 ✓ Compiled in 210ms (641 modules)
 ✓ Compiled in 204ms (641 modules)
 ✓ Compiled in 214ms (641 modules)
 ✓ Compiled in 199ms (641 modules)
 ✓ Compiled in 205ms (641 modules)
 ✓ Compiled in 206ms (641 modules)
 ✓ Compiled in 210ms (641 modules)
 ✓ Compiled in 209ms (641 modules)
 ✓ Compiled in 216ms (641 modules)
 ✓ Compiled in 220ms (641 modules)
 ✓ Compiled in 216ms (641 modules)
 ✓ Compiled in 209ms (641 modules)
 ✓ Compiled in 344ms (641 modules)
 ✓ Compiled in 222ms (641 modules)
 ✓ Compiled in 211ms (641 modules)
 ✓ Compiled in 213ms (641 modules)
 ✓ Compiled in 223ms (641 modules)
 ✓ Compiled in 242ms (641 modules)
 ✓ Compiled in 224ms (641 modules)
 ✓ Compiled in 211ms (641 modules)
 ✓ Compiled in 206ms (641 modules)
 ✓ Compiled in 215ms (641 modules)
 ✓ Compiled in 214ms (641 modules)
 ✓ Compiled in 208ms (641 modules)
 ✓ Compiled in 221ms (641 modules)
 ✓ Compiled in 210ms (641 modules)
 ✓ Compiled in 217ms (640 modules)
 ✓ Compiled in 209ms (640 modules)
 ✓ Compiled in 215ms (640 modules)
 ✓ Compiled in 212ms (640 modules)
 ✓ Compiled in 213ms (640 modules)
 ✓ Compiled in 200ms (640 modules)
 ✓ Compiled in 198ms (640 modules)
 ✓ Compiled in 205ms (640 modules)
 ✓ Compiled in 196ms (640 modules)
 ✓ Compiled in 202ms (640 modules)
 ✓ Compiled in 214ms (640 modules)
 ✓ Compiled in 209ms (640 modules)
 ✓ Compiled in 205ms (640 modules)
 ✓ Compiled in 221ms (640 modules)
 ✓ Compiled in 206ms (640 modules)
 ✓ Compiled in 211ms (640 modules)
 ✓ Compiled in 204ms (640 modules)
 ✓ Compiled in 213ms (640 modules)
 ✓ Compiled in 211ms (640 modules)
 ✓ Compiled in 212ms (640 modules)
 ✓ Compiled in 317ms (640 modules)
 ✓ Compiled in 293ms (640 modules)
 ✓ Compiled in 410ms (640 modules)
 ✓ Compiled in 291ms (640 modules)
 ✓ Compiled in 214ms (640 modules)
 ✓ Compiled in 232ms (640 modules)
 ✓ Compiled in 225ms (640 modules)
 ✓ Compiled in 242ms (640 modules)
 ✓ Compiled in 209ms (640 modules)
 ✓ Compiled in 211ms (640 modules)
 ✓ Compiled in 236ms (640 modules)
 ✓ Compiled in 250ms (640 modules)
 ✓ Compiled in 212ms (640 modules)
 ✓ Compiled in 199ms (640 modules)
 ✓ Compiled in 214ms (640 modules)
 ✓ Compiled in 209ms (640 modules)
 ✓ Compiled in 213ms (640 modules)
 ✓ Compiled in 242ms (640 modules)
 ✓ Compiled in 222ms (640 modules)
 ✓ Compiled in 215ms (640 modules)
 ✓ Compiled in 217ms (640 modules)
 ✓ Compiled in 219ms (640 modules)
 ✓ Compiled in 209ms (640 modules)
 ✓ Compiled in 210ms (640 modules)
 ✓ Compiled in 210ms (640 modules)
 ✓ Compiled in 232ms (640 modules)
 ✓ Compiled in 221ms (640 modules)
 ✓ Compiled in 222ms (640 modules)
 ✓ Compiled in 203ms (640 modules)
 ✓ Compiled in 202ms (640 modules)
 ✓ Compiled in 201ms (640 modules)
 ✓ Compiled in 203ms (640 modules)
 ✓ Compiled in 197ms (640 modules)
 ✓ Compiled in 214ms (640 modules)
 ✓ Compiled in 209ms (640 modules)
 ✓ Compiled in 298ms (640 modules)
 ✓ Compiled in 308ms (640 modules)
 ✓ Compiled in 221ms (640 modules)
 ✓ Compiled in 225ms (640 modules)
 ✓ Compiled in 227ms (640 modules)
 ✓ Compiled in 208ms (640 modules)
 ✓ Compiled in 215ms (640 modules)
 ✓ Compiled in 212ms (640 modules)
 ✓ Compiled in 213ms (640 modules)
 ✓ Compiled in 208ms (640 modules)
 ✓ Compiled in 199ms (640 modules)
 ✓ Compiled in 219ms (640 modules)
 ✓ Compiled in 220ms (640 modules)
 ✓ Compiled in 224ms (640 modules)
 ✓ Compiled in 214ms (640 modules)
 ✓ Compiled in 210ms (640 modules)
 ✓ Compiled in 203ms (640 modules)
 ✓ Compiled in 211ms (640 modules)
 ✓ Compiled in 209ms (640 modules)
 ✓ Compiled in 210ms (640 modules)
 ✓ Compiled in 205ms (640 modules)
 ✓ Compiled in 206ms (640 modules)
 ✓ Compiled in 209ms (640 modules)
 ✓ Compiled in 210ms (640 modules)
 ✓ Compiled in 206ms (640 modules)
 ✓ Compiled in 204ms (640 modules)
 ✓ Compiled in 203ms (640 modules)
 ✓ Compiled in 226ms (640 modules)
 ✓ Compiled in 225ms (640 modules)
 ✓ Compiled in 220ms (640 modules)
 ✓ Compiled in 212ms (640 modules)
 ✓ Compiled in 210ms (640 modules)
 ✓ Compiled in 205ms (640 modules)
 ✓ Compiled in 213ms (640 modules)
 ✓ Compiled in 205ms (640 modules)
 ✓ Compiled in 223ms (640 modules)
 ✓ Compiled in 223ms (640 modules)
 ✓ Compiled in 294ms (640 modules)
 ✓ Compiled in 290ms (640 modules)
 ✓ Compiled in 229ms (640 modules)
 ✓ Compiled in 212ms (640 modules)
 ✓ Compiled in 216ms (640 modules)
 ✓ Compiled in 203ms (640 modules)
 ✓ Compiled in 208ms (640 modules)
 ✓ Compiled in 210ms (640 modules)
 ✓ Compiled in 225ms (640 modules)
 ✓ Compiled in 202ms (640 modules)
 ✓ Compiled in 202ms (640 modules)
 ✓ Compiled in 223ms (640 modules)
 ✓ Compiled in 206ms (640 modules)
 ✓ Compiled in 220ms (640 modules)
 ✓ Compiled in 201ms (640 modules)
 ✓ Compiled in 200ms (640 modules)
 ✓ Compiled in 202ms (640 modules)
 ✓ Compiled in 204ms (640 modules)
 ✓ Compiled in 212ms (640 modules)
 ✓ Compiled in 199ms (640 modules)
 ✓ Compiled in 207ms (640 modules)
 ✓ Compiled in 217ms (640 modules)
 ✓ Compiled in 218ms (640 modules)
 ✓ Compiled in 217ms (640 modules)
 ✓ Compiled in 220ms (640 modules)
 ✓ Compiled in 208ms (640 modules)
 ✓ Compiled in 209ms (640 modules)
 ✓ Compiled in 226ms (640 modules)
 ✓ Compiled in 209ms (640 modules)
 ✓ Compiled in 219ms (640 modules)
 ✓ Compiled in 218ms (640 modules)
 ✓ Compiled in 204ms (640 modules)
 ✓ Compiled in 210ms (640 modules)
 ✓ Compiled in 199ms (640 modules)
 ✓ Compiled in 241ms (640 modules)
 ✓ Compiled in 330ms (640 modules)
 ✓ Compiled in 236ms (640 modules)
 ✓ Compiled in 230ms (640 modules)
 ✓ Compiled in 224ms (640 modules)
 ✓ Compiled in 243ms (640 modules)
 ✓ Compiled in 209ms (640 modules)
 ✓ Compiled in 213ms (640 modules)
 ✓ Compiled in 203ms (640 modules)
 ✓ Compiled in 211ms (640 modules)
 ✓ Compiled in 213ms (640 modules)
 ✓ Compiled in 208ms (640 modules)
 ✓ Compiled in 204ms (640 modules)
 ✓ Compiled in 204ms (640 modules)
 ✓ Compiled in 211ms (640 modules)
 ✓ Compiled in 212ms (640 modules)
 ✓ Compiled in 212ms (640 modules)
 ✓ Compiled in 208ms (640 modules)
 ✓ Compiled in 208ms (640 modules)
 ✓ Compiled in 206ms (640 modules)
 ✓ Compiled in 210ms (640 modules)
 ✓ Compiled in 208ms (640 modules)
 ✓ Compiled in 209ms (640 modules)
 ✓ Compiled in 206ms (640 modules)
 ✓ Compiled in 213ms (640 modules)
 ✓ Compiled in 203ms (640 modules)
 ✓ Compiled in 203ms (640 modules)
 ✓ Compiled in 210ms (640 modules)
 ✓ Compiled in 209ms (640 modules)
 ✓ Compiled in 208ms (640 modules)
 ✓ Compiled in 215ms (640 modules)
 ✓ Compiled in 215ms (640 modules)
 ✓ Compiled in 229ms (640 modules)
 ✓ Compiled in 217ms (640 modules)
 ✓ Compiled in 217ms (640 modules)
 ✓ Compiled in 214ms (640 modules)
 ✓ Compiled in 274ms (640 modules)
 ✓ Compiled in 330ms (640 modules)
 ✓ Compiled in 247ms (640 modules)
 ✓ Compiled in 244ms (640 modules)
 ✓ Compiled in 296ms (640 modules)
 ✓ Compiled in 263ms (640 modules)
 ✓ Compiled in 248ms (640 modules)
 ✓ Compiled in 232ms (640 modules)
 ✓ Compiled in 214ms (640 modules)
 ✓ Compiled in 224ms (640 modules)
 ✓ Compiled in 214ms (640 modules)
 ✓ Compiled in 216ms (640 modules)
 ✓ Compiled in 222ms (640 modules)
 ✓ Compiled in 223ms (640 modules)
 ✓ Compiled in 215ms (640 modules)
 ✓ Compiled in 245ms (640 modules)
 ✓ Compiled in 209ms (640 modules)
 ✓ Compiled in 218ms (640 modules)
 ✓ Compiled in 212ms (640 modules)
 ✓ Compiled in 226ms (640 modules)
 ✓ Compiled in 221ms (640 modules)
 ✓ Compiled in 225ms (640 modules)
 ✓ Compiled in 213ms (640 modules)
 ✓ Compiled in 224ms (640 modules)
 ✓ Compiled in 229ms (640 modules)
 ✓ Compiled in 219ms (640 modules)
 ✓ Compiled in 215ms (640 modules)
 ✓ Compiled in 225ms (640 modules)
 ✓ Compiled in 238ms (640 modules)
 ✓ Compiled in 243ms (640 modules)
 ✓ Compiled in 230ms (640 modules)
 ✓ Compiled in 230ms (640 modules)
 ✓ Compiled in 220ms (640 modules)
 ✓ Compiled in 236ms (640 modules)
 ✓ Compiled in 239ms (640 modules)
 ✓ Compiled in 229ms (640 modules)
 ✓ Compiled in 230ms (640 modules)
 ✓ Compiled in 229ms (640 modules)
 ✓ Compiled in 228ms (640 modules)
 ✓ Compiled in 272ms (640 modules)
 ✓ Compiled in 282ms (640 modules)
 ✓ Compiled in 242ms (640 modules)
 ✓ Compiled in 261ms (640 modules)
 ✓ Compiled in 227ms (640 modules)
 ✓ Compiled in 256ms (640 modules)
 ✓ Compiled in 263ms (640 modules)
 ✓ Compiled in 246ms (640 modules)
 ✓ Compiled in 236ms (640 modules)
 ✓ Compiled in 407ms (640 modules)
 ✓ Compiled in 342ms (640 modules)
 ✓ Compiled in 237ms (640 modules)
 ✓ Compiled in 229ms (640 modules)
 ✓ Compiled in 214ms (640 modules)
 ✓ Compiled in 242ms (640 modules)
 ✓ Compiled in 230ms (640 modules)
 ✓ Compiled in 242ms (640 modules)
 ✓ Compiled in 221ms (640 modules)
 ✓ Compiled in 219ms (640 modules)
 ✓ Compiled in 206ms (640 modules)
 ✓ Compiled in 213ms (640 modules)
 ✓ Compiled in 215ms (640 modules)
 ✓ Compiled in 209ms (640 modules)
 ✓ Compiled in 205ms (640 modules)
 ✓ Compiled in 217ms (640 modules)
 ✓ Compiled in 207ms (640 modules)
 ✓ Compiled in 216ms (640 modules)
 ✓ Compiled in 215ms (640 modules)
 ✓ Compiled in 225ms (640 modules)
 ✓ Compiled in 213ms (640 modules)
 ✓ Compiled in 207ms (640 modules)
 ✓ Compiled in 206ms (640 modules)
 ✓ Compiled in 208ms (640 modules)
 ✓ Compiled in 212ms (640 modules)
 ✓ Compiled in 208ms (640 modules)
 ✓ Compiled in 209ms (640 modules)
 ✓ Compiled in 215ms (640 modules)
 ✓ Compiled in 214ms (640 modules)
 ✓ Compiled in 211ms (640 modules)
 ✓ Compiled in 212ms (640 modules)
 ✓ Compiled in 204ms (640 modules)
 ✓ Compiled in 212ms (640 modules)
 ✓ Compiled in 201ms (640 modules)
 ✓ Compiled in 267ms (640 modules)
 ✓ Compiled in 306ms (640 modules)
 ✓ Compiled in 218ms (640 modules)
 ✓ Compiled in 215ms (640 modules)
 ✓ Compiled in 215ms (640 modules)
 ✓ Compiled in 213ms (640 modules)
 ✓ Compiled in 213ms (640 modules)
 ✓ Compiled in 211ms (640 modules)
 ✓ Compiled in 211ms (640 modules)
 ✓ Compiled in 210ms (640 modules)
 ✓ Compiled in 211ms (640 modules)
 ✓ Compiled in 212ms (640 modules)
 ✓ Compiled in 215ms (640 modules)
 ✓ Compiled in 212ms (640 modules)
 ✓ Compiled in 200ms (640 modules)
 ✓ Compiled in 220ms (640 modules)
 ✓ Compiled in 205ms (640 modules)
 ✓ Compiled in 214ms (640 modules)
 ✓ Compiled in 208ms (640 modules)
 ✓ Compiled in 243ms (640 modules)
 ✓ Compiled in 205ms (640 modules)
 ✓ Compiled in 206ms (640 modules)
 ✓ Compiled in 227ms (640 modules)
 ✓ Compiled in 210ms (640 modules)
 ✓ Compiled in 219ms (640 modules)
 ✓ Compiled in 219ms (640 modules)
 ✓ Compiled in 227ms (640 modules)
 ✓ Compiled in 223ms (640 modules)
 ✓ Compiled in 218ms (640 modules)
 ✓ Compiled in 218ms (640 modules)
 ✓ Compiled in 215ms (640 modules)
 ✓ Compiled in 229ms (640 modules)
 ✓ Compiled in 238ms (640 modules)
 ✓ Compiled in 239ms (640 modules)
 ✓ Compiled in 213ms (640 modules)
 ✓ Compiled in 233ms (640 modules)
 ✓ Compiled in 381ms (640 modules)
 ✓ Compiled in 237ms (640 modules)
 ✓ Compiled in 242ms (640 modules)
 ✓ Compiled in 244ms (640 modules)
 ✓ Compiled in 220ms (640 modules)
 ✓ Compiled in 221ms (640 modules)
 ✓ Compiled in 222ms (640 modules)
 ✓ Compiled in 233ms (640 modules)
 ✓ Compiled in 223ms (640 modules)
 ✓ Compiled in 229ms (640 modules)
 ✓ Compiled in 206ms (640 modules)
 ✓ Compiled in 226ms (640 modules)
 ✓ Compiled in 217ms (640 modules)
 ✓ Compiled in 223ms (640 modules)
 ✓ Compiled in 214ms (640 modules)
 ✓ Compiled in 235ms (640 modules)
 ✓ Compiled in 217ms (640 modules)
 ✓ Compiled in 214ms (640 modules)
 ✓ Compiled in 212ms (640 modules)
 ✓ Compiled in 234ms (640 modules)
 ✓ Compiled in 218ms (640 modules)
 ✓ Compiled in 222ms (640 modules)
 ✓ Compiled in 215ms (640 modules)
 ✓ Compiled in 234ms (640 modules)
 ✓ Compiled in 225ms (640 modules)
 ✓ Compiled in 254ms (640 modules)
 ✓ Compiled in 225ms (640 modules)
 ✓ Compiled in 219ms (640 modules)
 ✓ Compiled in 232ms (640 modules)
 ✓ Compiled in 233ms (640 modules)
 ✓ Compiled in 271ms (640 modules)
 ✓ Compiled in 221ms (640 modules)
 ✓ Compiled in 224ms (640 modules)
 ✓ Compiled in 222ms (640 modules)
 ✓ Compiled in 344ms (640 modules)
 ✓ Compiled in 293ms (640 modules)
 ✓ Compiled in 217ms (640 modules)
 ✓ Compiled in 245ms (640 modules)
 ✓ Compiled in 232ms (640 modules)
 ✓ Compiled in 227ms (640 modules)
 ✓ Compiled in 222ms (640 modules)
 ✓ Compiled in 217ms (640 modules)
 ✓ Compiled in 232ms (640 modules)
 ✓ Compiled in 215ms (640 modules)
 ✓ Compiled in 206ms (640 modules)
 ✓ Compiled in 202ms (640 modules)
 ✓ Compiled in 211ms (640 modules)
 ✓ Compiled in 217ms (640 modules)
 ✓ Compiled in 227ms (640 modules)
 ✓ Compiled in 218ms (640 modules)
 ✓ Compiled in 222ms (640 modules)
 ✓ Compiled in 219ms (640 modules)
 ✓ Compiled in 223ms (640 modules)
 ✓ Compiled in 215ms (640 modules)
 ✓ Compiled in 217ms (640 modules)
 ✓ Compiled in 216ms (640 modules)
 ✓ Compiled in 247ms (640 modules)
 ✓ Compiled in 207ms (640 modules)
 ✓ Compiled in 215ms (640 modules)
 ✓ Compiled in 211ms (640 modules)
 ✓ Compiled in 220ms (640 modules)
 ✓ Compiled in 210ms (640 modules)
 ✓ Compiled in 212ms (640 modules)
 ✓ Compiled in 204ms (640 modules)
 ✓ Compiled in 217ms (640 modules)
 ✓ Compiled in 231ms (640 modules)
 ✓ Compiled in 211ms (640 modules)
 ✓ Compiled in 214ms (640 modules)
 ✓ Compiled in 226ms (640 modules)
 ✓ Compiled in 540ms (640 modules)
 ✓ Compiled in 304ms (640 modules)
 ✓ Compiled in 245ms (640 modules)
 ✓ Compiled in 254ms (640 modules)
 ✓ Compiled in 227ms (640 modules)
 ✓ Compiled in 225ms (640 modules)
 ✓ Compiled in 225ms (640 modules)
 ✓ Compiled in 220ms (640 modules)
 ✓ Compiled in 257ms (640 modules)
 ✓ Compiled in 225ms (640 modules)
 ✓ Compiled in 210ms (640 modules)
 ✓ Compiled in 215ms (640 modules)
 ✓ Compiled in 221ms (640 modules)
 ✓ Compiled in 243ms (640 modules)
 ✓ Compiled in 224ms (640 modules)
 ✓ Compiled in 257ms (640 modules)
 ✓ Compiled in 235ms (640 modules)
 ✓ Compiled in 230ms (640 modules)
 ✓ Compiled in 222ms (640 modules)
 ✓ Compiled in 209ms (640 modules)
 ✓ Compiled in 205ms (640 modules)
 ✓ Compiled in 210ms (640 modules)
 ✓ Compiled in 201ms (640 modules)
 ✓ Compiled in 236ms (640 modules)
 ✓ Compiled in 252ms (640 modules)
 ✓ Compiled in 232ms (640 modules)
 ✓ Compiled in 215ms (640 modules)
 ✓ Compiled in 211ms (640 modules)
 ✓ Compiled in 224ms (640 modules)
 ✓ Compiled in 219ms (640 modules)
 ✓ Compiled in 224ms (640 modules)
 ✓ Compiled in 231ms (640 modules)
 ✓ Compiled in 219ms (640 modules)
 ✓ Compiled in 216ms (640 modules)
 ✓ Compiled in 316ms (640 modules)
 ✓ Compiled in 233ms (640 modules)
 ✓ Compiled in 326ms (640 modules)
 ✓ Compiled in 320ms (640 modules)
 ✓ Compiled in 222ms (640 modules)
 ✓ Compiled in 229ms (640 modules)
 ✓ Compiled in 231ms (640 modules)
 ✓ Compiled in 229ms (640 modules)
 ✓ Compiled in 220ms (640 modules)
 ✓ Compiled in 217ms (640 modules)
 ✓ Compiled in 236ms (640 modules)
 ✓ Compiled in 220ms (640 modules)
 ✓ Compiled in 214ms (640 modules)
 ✓ Compiled in 249ms (640 modules)
 ✓ Compiled in 222ms (640 modules)
 ✓ Compiled in 225ms (640 modules)
 ✓ Compiled in 232ms (640 modules)
 ✓ Compiled in 213ms (640 modules)
 ✓ Compiled in 231ms (640 modules)
 ✓ Compiled in 222ms (640 modules)
 ✓ Compiled in 243ms (640 modules)
 ✓ Compiled in 229ms (640 modules)
 ✓ Compiled in 233ms (640 modules)
 ✓ Compiled in 216ms (640 modules)
 ✓ Compiled in 217ms (640 modules)
 ✓ Compiled in 205ms (640 modules)
 ✓ Compiled in 224ms (640 modules)
 ✓ Compiled in 224ms (640 modules)
 ✓ Compiled in 225ms (640 modules)
 ✓ Compiled in 220ms (640 modules)
 ✓ Compiled in 216ms (640 modules)
 ✓ Compiled in 267ms (640 modules)
 ✓ Compiled in 225ms (640 modules)
 ✓ Compiled in 221ms (640 modules)
 ✓ Compiled in 212ms (640 modules)
 ✓ Compiled in 209ms (640 modules)
 ✓ Compiled in 224ms (640 modules)
 ✓ Compiled in 218ms (640 modules)
 ✓ Compiled in 223ms (640 modules)
 ✓ Compiled in 216ms (640 modules)
 ✓ Compiled in 374ms (640 modules)
 ✓ Compiled in 217ms (640 modules)
 ✓ Compiled in 216ms (640 modules)
 ✓ Compiled in 206ms (640 modules)
 ✓ Compiled in 224ms (640 modules)
 ✓ Compiled in 205ms (640 modules)
 ✓ Compiled in 212ms (640 modules)
 ✓ Compiled in 202ms (640 modules)
 ✓ Compiled in 222ms (640 modules)
 ✓ Compiled in 213ms (640 modules)
 ✓ Compiled in 224ms (640 modules)
 ✓ Compiled in 209ms (640 modules)
 ✓ Compiled in 222ms (640 modules)
 ✓ Compiled in 205ms (640 modules)
 ✓ Compiled in 212ms (640 modules)
 ✓ Compiled in 221ms (640 modules)
 ✓ Compiled in 215ms (640 modules)
 ✓ Compiled in 234ms (640 modules)
 ✓ Compiled in 206ms (640 modules)
 ✓ Compiled in 206ms (640 modules)
 ✓ Compiled in 207ms (640 modules)
 ✓ Compiled in 210ms (640 modules)
 ✓ Compiled in 211ms (640 modules)
 ✓ Compiled in 214ms (640 modules)
 ✓ Compiled in 227ms (640 modules)
 ✓ Compiled in 215ms (640 modules)
 ✓ Compiled in 208ms (640 modules)
 ✓ Compiled in 208ms (640 modules)
 ✓ Compiled in 207ms (640 modules)
 ✓ Compiled in 198ms (640 modules)
 ✓ Compiled in 203ms (640 modules)
 ✓ Compiled in 204ms (640 modules)
 ✓ Compiled in 213ms (640 modules)
 ✓ Compiled in 206ms (640 modules)
 ✓ Compiled in 291ms (640 modules)
 ✓ Compiled in 285ms (640 modules)
 ✓ Compiled in 217ms (640 modules)
 ✓ Compiled in 220ms (640 modules)
 ✓ Compiled in 214ms (640 modules)
 ✓ Compiled in 209ms (640 modules)
 ✓ Compiled in 218ms (640 modules)
 ✓ Compiled in 217ms (640 modules)
 ✓ Compiled in 218ms (640 modules)
 ✓ Compiled in 207ms (640 modules)
 ✓ Compiled in 207ms (640 modules)
 ✓ Compiled in 209ms (640 modules)
 ✓ Compiled in 220ms (640 modules)
 ✓ Compiled in 215ms (640 modules)
 ✓ Compiled in 209ms (640 modules)
 ✓ Compiled in 208ms (640 modules)
 ✓ Compiled in 243ms (640 modules)
 ✓ Compiled in 250ms (640 modules)
 ✓ Compiled in 215ms (640 modules)
 ✓ Compiled in 224ms (640 modules)
 ✓ Compiled in 218ms (640 modules)
 ✓ Compiled in 209ms (640 modules)
 ✓ Compiled in 211ms (640 modules)
 ✓ Compiled in 206ms (640 modules)
 ✓ Compiled in 220ms (640 modules)
 ✓ Compiled in 215ms (640 modules)
 ✓ Compiled in 222ms (640 modules)
 ✓ Compiled in 218ms (640 modules)
 ✓ Compiled in 213ms (640 modules)
 ✓ Compiled in 235ms (640 modules)
 ✓ Compiled in 216ms (640 modules)
 ✓ Compiled in 207ms (640 modules)
 ✓ Compiled in 213ms (640 modules)
 ✓ Compiled in 210ms (640 modules)
 ✓ Compiled in 233ms (640 modules)
 ✓ Compiled in 226ms (640 modules)
 ✓ Compiled in 317ms (640 modules)
 ✓ Compiled in 357ms (640 modules)
 ✓ Compiled in 224ms (640 modules)
 ✓ Compiled in 212ms (640 modules)
 ✓ Compiled in 207ms (640 modules)
 ✓ Compiled in 209ms (640 modules)
 ✓ Compiled in 201ms (640 modules)
 ✓ Compiled in 198ms (640 modules)
 ✓ Compiled in 206ms (640 modules)
 ✓ Compiled in 202ms (640 modules)
 ✓ Compiled in 212ms (640 modules)
 ✓ Compiled in 215ms (640 modules)
 ✓ Compiled in 210ms (640 modules)
 ✓ Compiled in 208ms (640 modules)
 ✓ Compiled in 210ms (640 modules)
 ✓ Compiled in 207ms (640 modules)
 ✓ Compiled in 204ms (640 modules)
 ✓ Compiled in 246ms (640 modules)
 ✓ Compiled in 248ms (640 modules)
 ✓ Compiled in 228ms (640 modules)
 ✓ Compiled in 210ms (640 modules)
 ✓ Compiled in 208ms (640 modules)
 ✓ Compiled in 224ms (640 modules)
 ✓ Compiled in 227ms (640 modules)
 ✓ Compiled in 225ms (640 modules)
 ✓ Compiled in 215ms (640 modules)
 ✓ Compiled in 218ms (640 modules)
 ✓ Compiled in 237ms (640 modules)
 ✓ Compiled in 214ms (640 modules)
 ✓ Compiled in 230ms (640 modules)
 ✓ Compiled in 205ms (640 modules)
 ✓ Compiled in 225ms (640 modules)
 ✓ Compiled in 221ms (640 modules)
 ✓ Compiled in 236ms (640 modules)
 ✓ Compiled in 253ms (640 modules)
 ✓ Compiled in 227ms (640 modules)
 ✓ Compiled in 226ms (640 modules)
 ✓ Compiled in 229ms (640 modules)
 ✓ Compiled in 227ms (640 modules)
 ✓ Compiled in 218ms (640 modules)
 ✓ Compiled in 210ms (640 modules)
 ✓ Compiled in 226ms (640 modules)
 ✓ Compiled in 219ms (640 modules)
 ✓ Compiled in 219ms (640 modules)
 ✓ Compiled in 221ms (640 modules)
 ✓ Compiled in 230ms (640 modules)
 ✓ Compiled in 243ms (640 modules)
 ✓ Compiled in 228ms (640 modules)
 ✓ Compiled in 375ms (640 modules)
 ✓ Compiled in 327ms (640 modules)
 ✓ Compiled in 219ms (640 modules)
 ✓ Compiled in 242ms (640 modules)
 ✓ Compiled in 221ms (640 modules)
 ✓ Compiled in 305ms (640 modules)
 ✓ Compiled in 222ms (640 modules)
 ✓ Compiled in 267ms (640 modules)
 ✓ Compiled in 220ms (640 modules)
 ✓ Compiled in 235ms (640 modules)
 ✓ Compiled in 218ms (640 modules)
 ✓ Compiled in 237ms (640 modules)
 ✓ Compiled in 232ms (640 modules)
 ✓ Compiled in 219ms (640 modules)
 ✓ Compiled in 220ms (640 modules)
 ✓ Compiled in 223ms (640 modules)
 ✓ Compiled in 208ms (640 modules)
 ✓ Compiled in 215ms (640 modules)
 ✓ Compiled in 215ms (640 modules)
 ✓ Compiled in 219ms (640 modules)
 ✓ Compiled in 213ms (640 modules)
 ✓ Compiled in 218ms (640 modules)
 ✓ Compiled in 209ms (640 modules)
 ✓ Compiled in 209ms (640 modules)
 ✓ Compiled in 205ms (640 modules)
 ✓ Compiled in 203ms (640 modules)
 ✓ Compiled in 207ms (640 modules)
 ✓ Compiled in 216ms (640 modules)
 ✓ Compiled in 209ms (640 modules)
 ✓ Compiled in 217ms (640 modules)
 ✓ Compiled in 221ms (640 modules)
 ✓ Compiled in 210ms (640 modules)
 ✓ Compiled in 206ms (640 modules)
 ✓ Compiled in 209ms (640 modules)
 ✓ Compiled in 205ms (640 modules)
 ✓ Compiled in 368ms (640 modules)
 ✓ Compiled in 218ms (640 modules)
 ✓ Compiled in 209ms (640 modules)
 ✓ Compiled in 217ms (640 modules)
 ✓ Compiled in 221ms (640 modules)
 ✓ Compiled in 219ms (640 modules)
 ✓ Compiled in 213ms (640 modules)
 ✓ Compiled in 208ms (640 modules)
 ✓ Compiled in 217ms (640 modules)
 ✓ Compiled in 211ms (640 modules)
 ✓ Compiled in 218ms (640 modules)
 ✓ Compiled in 261ms (640 modules)
 ✓ Compiled in 222ms (640 modules)
 ✓ Compiled in 270ms (640 modules)
 ✓ Compiled in 217ms (640 modules)
 ✓ Compiled in 207ms (640 modules)
 ✓ Compiled in 209ms (640 modules)
 ✓ Compiled in 233ms (640 modules)
 ✓ Compiled in 222ms (640 modules)
 ✓ Compiled in 240ms (640 modules)
 ✓ Compiled in 218ms (640 modules)
 ✓ Compiled in 207ms (640 modules)
 ✓ Compiled in 214ms (640 modules)
 ✓ Compiled in 213ms (640 modules)
 ✓ Compiled in 217ms (640 modules)
 ✓ Compiled in 226ms (640 modules)
 ✓ Compiled in 227ms (640 modules)
 ✓ Compiled in 239ms (640 modules)
 ✓ Compiled in 241ms (640 modules)
 ✓ Compiled in 233ms (640 modules)
 ✓ Compiled in 223ms (640 modules)
 ✓ Compiled in 220ms (640 modules)
 ✓ Compiled in 229ms (640 modules)
 ✓ Compiled in 234ms (640 modules)
 ✓ Compiled in 310ms (640 modules)
 ✓ Compiled in 282ms (640 modules)
 ✓ Compiled in 226ms (640 modules)
 ✓ Compiled in 214ms (640 modules)
 ✓ Compiled in 224ms (640 modules)
 ✓ Compiled in 213ms (640 modules)
 ✓ Compiled in 217ms (640 modules)
 ✓ Compiled in 216ms (640 modules)
 ✓ Compiled in 253ms (640 modules)
 ✓ Compiled in 219ms (640 modules)
 ✓ Compiled in 211ms (640 modules)
 ✓ Compiled in 208ms (640 modules)
 ✓ Compiled in 208ms (640 modules)
 ✓ Compiled in 216ms (640 modules)
 ✓ Compiled in 216ms (640 modules)
 ✓ Compiled in 220ms (640 modules)
 ✓ Compiled in 212ms (640 modules)
 ✓ Compiled in 214ms (640 modules)
 ✓ Compiled in 248ms (640 modules)
 ✓ Compiled in 213ms (640 modules)
 ✓ Compiled in 217ms (640 modules)
 ✓ Compiled in 211ms (640 modules)
 ✓ Compiled in 212ms (640 modules)
 ✓ Compiled in 211ms (640 modules)
 ✓ Compiled in 215ms (640 modules)
 ✓ Compiled in 213ms (640 modules)
 ✓ Compiled in 216ms (640 modules)
 ✓ Compiled in 213ms (640 modules)
 ✓ Compiled in 216ms (640 modules)
 ✓ Compiled in 230ms (640 modules)
 ✓ Compiled in 232ms (640 modules)
 ✓ Compiled in 210ms (640 modules)
 ✓ Compiled in 206ms (640 modules)
 ✓ Compiled in 215ms (640 modules)
 ✓ Compiled in 228ms (640 modules)
 ✓ Compiled in 365ms (640 modules)
 ✓ Compiled in 234ms (640 modules)
 ✓ Compiled in 215ms (640 modules)
 ✓ Compiled in 274ms (640 modules)
 ✓ Compiled in 227ms (640 modules)
 ✓ Compiled in 217ms (640 modules)
 ✓ Compiled in 215ms (640 modules)
 ✓ Compiled in 240ms (640 modules)
 ✓ Compiled in 233ms (640 modules)
 ✓ Compiled in 228ms (640 modules)
 ✓ Compiled in 257ms (640 modules)
 ✓ Compiled in 236ms (640 modules)
 ✓ Compiled in 212ms (640 modules)
 ✓ Compiled in 221ms (640 modules)
 ✓ Compiled in 216ms (640 modules)
 ✓ Compiled in 213ms (640 modules)
 ✓ Compiled in 220ms (640 modules)
 ✓ Compiled in 227ms (640 modules)
 ✓ Compiled in 226ms (640 modules)
 ✓ Compiled in 213ms (640 modules)
 ✓ Compiled in 221ms (640 modules)
 ✓ Compiled in 230ms (640 modules)
 ✓ Compiled in 229ms (640 modules)
 ✓ Compiled in 235ms (640 modules)
 ✓ Compiled in 214ms (640 modules)
 ✓ Compiled in 216ms (640 modules)
 ✓ Compiled in 220ms (640 modules)
 ✓ Compiled in 235ms (640 modules)
 ✓ Compiled in 220ms (640 modules)
 ✓ Compiled in 212ms (640 modules)
 ✓ Compiled in 215ms (640 modules)
 ✓ Compiled in 232ms (640 modules)
 ✓ Compiled in 224ms (640 modules)
 ✓ Compiled in 207ms (640 modules)
 ✓ Compiled in 309ms (640 modules)
 ✓ Compiled in 312ms (640 modules)
 ✓ Compiled in 230ms (640 modules)
 ✓ Compiled in 215ms (640 modules)
 ✓ Compiled in 231ms (640 modules)
 ✓ Compiled in 220ms (640 modules)
 ✓ Compiled in 216ms (640 modules)
 ✓ Compiled in 209ms (640 modules)
 ✓ Compiled in 212ms (640 modules)
 ✓ Compiled in 219ms (640 modules)
 ✓ Compiled in 221ms (640 modules)
 ✓ Compiled in 219ms (640 modules)
 ✓ Compiled in 207ms (640 modules)
 ✓ Compiled in 212ms (640 modules)
 ✓ Compiled in 239ms (640 modules)
 ✓ Compiled in 230ms (640 modules)
 ✓ Compiled in 223ms (640 modules)
 ✓ Compiled in 210ms (640 modules)
 ✓ Compiled in 207ms (640 modules)
 ✓ Compiled in 211ms (640 modules)
 ✓ Compiled in 218ms (640 modules)
 ✓ Compiled in 230ms (640 modules)
 ✓ Compiled in 211ms (640 modules)
 ✓ Compiled in 220ms (640 modules)
 ✓ Compiled in 215ms (640 modules)
 ✓ Compiled in 217ms (640 modules)
 ✓ Compiled in 211ms (640 modules)
 ✓ Compiled in 216ms (640 modules)
 ✓ Compiled in 213ms (640 modules)
 ✓ Compiled in 212ms (640 modules)
 ✓ Compiled in 208ms (640 modules)
 ✓ Compiled in 213ms (640 modules)
 ✓ Compiled in 211ms (640 modules)
 ✓ Compiled in 221ms (640 modules)
 ✓ Compiled in 218ms (640 modules)
 ✓ Compiled in 231ms (640 modules)
 ✓ Compiled in 311ms (640 modules)
 ✓ Compiled in 413ms (640 modules)
 ✓ Compiled in 219ms (640 modules)
 ✓ Compiled in 214ms (640 modules)
 ✓ Compiled in 223ms (640 modules)
 ✓ Compiled in 220ms (640 modules)
 ✓ Compiled in 213ms (640 modules)
 ✓ Compiled in 221ms (640 modules)
 ✓ Compiled in 229ms (640 modules)
 ✓ Compiled in 212ms (640 modules)
 ✓ Compiled in 221ms (640 modules)
 ✓ Compiled in 215ms (640 modules)
 ✓ Compiled in 211ms (640 modules)
 ✓ Compiled in 208ms (640 modules)
 ✓ Compiled in 208ms (640 modules)
 ✓ Compiled in 219ms (640 modules)
 ✓ Compiled in 215ms (640 modules)
 ✓ Compiled in 209ms (640 modules)
 ✓ Compiled in 207ms (640 modules)
 ✓ Compiled in 220ms (640 modules)
 ✓ Compiled in 223ms (640 modules)
 ✓ Compiled in 220ms (640 modules)
 ✓ Compiled in 221ms (640 modules)
 ✓ Compiled in 218ms (640 modules)
 ✓ Compiled in 219ms (640 modules)
 ✓ Compiled in 217ms (640 modules)
 ✓ Compiled in 210ms (640 modules)
 ✓ Compiled in 229ms (640 modules)
 ✓ Compiled in 234ms (640 modules)
 ✓ Compiled in 218ms (640 modules)
 ✓ Compiled in 221ms (640 modules)
 ✓ Compiled in 218ms (640 modules)
 ✓ Compiled in 222ms (640 modules)
 ✓ Compiled in 226ms (640 modules)
 ✓ Compiled in 218ms (640 modules)
 ✓ Compiled in 221ms (640 modules)
 ✓ Compiled in 209ms (640 modules)
 ✓ Compiled in 217ms (640 modules)
 ✓ Compiled in 215ms (640 modules)
 ✓ Compiled in 220ms (640 modules)
 ✓ Compiled in 216ms (640 modules)
 ✓ Compiled in 218ms (640 modules)
 ✓ Compiled in 214ms (640 modules)
 ✓ Compiled in 219ms (640 modules)
 ✓ Compiled in 208ms (640 modules)
 ✓ Compiled in 222ms (640 modules)
 ✓ Compiled in 225ms (640 modules)
 ✓ Compiled in 227ms (640 modules)
 ✓ Compiled in 363ms (640 modules)
 ✓ Compiled in 303ms (640 modules)
 ✓ Compiled in 220ms (640 modules)
 ✓ Compiled in 219ms (640 modules)
 ✓ Compiled in 216ms (640 modules)
 ✓ Compiled in 222ms (640 modules)
 ✓ Compiled in 214ms (640 modules)
 ✓ Compiled in 214ms (640 modules)
 ✓ Compiled in 210ms (640 modules)
 ✓ Compiled in 208ms (640 modules)
 ✓ Compiled in 217ms (640 modules)
 ✓ Compiled in 211ms (640 modules)
 ✓ Compiled in 204ms (640 modules)
 ✓ Compiled in 206ms (640 modules)
 ✓ Compiled in 206ms (640 modules)
 ✓ Compiled in 213ms (640 modules)
 ✓ Compiled in 216ms (640 modules)
 ✓ Compiled in 212ms (640 modules)
 ✓ Compiled in 208ms (640 modules)
 ✓ Compiled in 217ms (640 modules)
 ✓ Compiled in 204ms (640 modules)
 ✓ Compiled in 207ms (640 modules)
 ✓ Compiled in 215ms (640 modules)
 ✓ Compiled in 234ms (640 modules)
 ✓ Compiled in 213ms (640 modules)
 ✓ Compiled in 217ms (640 modules)
 ✓ Compiled in 208ms (640 modules)
 ✓ Compiled in 211ms (640 modules)
 ✓ Compiled in 206ms (640 modules)
 ✓ Compiled in 209ms (640 modules)
 ✓ Compiled in 208ms (640 modules)
 ✓ Compiled in 208ms (640 modules)
 ✓ Compiled in 211ms (640 modules)
 ✓ Compiled in 213ms (640 modules)
 ✓ Compiled in 210ms (640 modules)
 ✓ Compiled in 277ms (640 modules)
 ✓ Compiled in 404ms (640 modules)
 ✓ Compiled in 225ms (640 modules)
 ✓ Compiled in 225ms (640 modules)
 ✓ Compiled in 219ms (640 modules)
 ✓ Compiled in 214ms (640 modules)
 ✓ Compiled in 208ms (640 modules)
 ✓ Compiled in 212ms (640 modules)
 ✓ Compiled in 218ms (640 modules)
 ✓ Compiled in 206ms (640 modules)
 ✓ Compiled in 229ms (640 modules)
 ✓ Compiled in 220ms (640 modules)
 ✓ Compiled in 214ms (640 modules)
 ✓ Compiled in 212ms (640 modules)
 ✓ Compiled in 210ms (640 modules)
 ✓ Compiled in 211ms (640 modules)
 ✓ Compiled in 216ms (640 modules)
 ✓ Compiled in 208ms (640 modules)
 ✓ Compiled in 214ms (640 modules)
 ✓ Compiled in 206ms (640 modules)
 ✓ Compiled in 216ms (640 modules)
 ✓ Compiled in 214ms (640 modules)
 ✓ Compiled in 212ms (640 modules)
 ✓ Compiled in 216ms (640 modules)
 ✓ Compiled in 212ms (640 modules)
 ✓ Compiled in 219ms (640 modules)
 ✓ Compiled in 216ms (640 modules)
 ✓ Compiled in 221ms (640 modules)
 ✓ Compiled in 218ms (640 modules)
 ✓ Compiled in 217ms (640 modules)
 ✓ Compiled in 222ms (640 modules)
 ✓ Compiled in 209ms (640 modules)
 ✓ Compiled in 208ms (640 modules)
 ✓ Compiled in 211ms (640 modules)
 ✓ Compiled in 228ms (640 modules)
 ✓ Compiled in 221ms (640 modules)
 ✓ Compiled in 221ms (640 modules)
 ✓ Compiled in 217ms (640 modules)
 ✓ Compiled in 256ms (640 modules)
 ✓ Compiled in 220ms (640 modules)
 ✓ Compiled in 217ms (640 modules)
 ✓ Compiled in 213ms (640 modules)
 ✓ Compiled in 212ms (640 modules)
 ✓ Compiled in 217ms (640 modules)
 ✓ Compiled in 209ms (640 modules)
 ✓ Compiled in 220ms (640 modules)
 ✓ Compiled in 208ms (640 modules)
 ✓ Compiled in 217ms (640 modules)
 ✓ Compiled in 365ms (640 modules)
 ✓ Compiled in 302ms (640 modules)
 ✓ Compiled in 212ms (640 modules)
 ✓ Compiled in 222ms (640 modules)
 ✓ Compiled in 211ms (640 modules)
 ✓ Compiled in 223ms (640 modules)
 ✓ Compiled in 209ms (640 modules)
 ✓ Compiled in 209ms (640 modules)
 ✓ Compiled in 215ms (640 modules)
 ✓ Compiled in 209ms (640 modules)
 ✓ Compiled in 208ms (640 modules)
 ✓ Compiled in 217ms (640 modules)
 ✓ Compiled in 220ms (640 modules)
 ✓ Compiled in 220ms (640 modules)
 ✓ Compiled in 206ms (640 modules)
 ✓ Compiled in 214ms (640 modules)
 ✓ Compiled in 214ms (640 modules)
 ✓ Compiled in 218ms (640 modules)
 ✓ Compiled in 214ms (640 modules)
 ✓ Compiled in 215ms (640 modules)
 ✓ Compiled in 211ms (640 modules)
 ✓ Compiled in 213ms (640 modules)
 ✓ Compiled in 212ms (640 modules)
 ✓ Compiled in 206ms (640 modules)
 ✓ Compiled in 208ms (640 modules)
 ✓ Compiled in 208ms (640 modules)
 ✓ Compiled in 209ms (640 modules)
 ✓ Compiled in 232ms (640 modules)
 ✓ Compiled in 238ms (640 modules)
 ✓ Compiled in 237ms (640 modules)
 ✓ Compiled in 224ms (640 modules)
 ✓ Compiled in 244ms (640 modules)
 ✓ Compiled in 214ms (640 modules)
 ✓ Compiled in 229ms (640 modules)
 ✓ Compiled in 210ms (640 modules)
 ✓ Compiled in 317ms (640 modules)
 ✓ Compiled in 411ms (640 modules)
 ✓ Compiled in 220ms (640 modules)
 ✓ Compiled in 231ms (640 modules)
 ✓ Compiled in 222ms (640 modules)
 ✓ Compiled in 254ms (640 modules)
 ✓ Compiled in 234ms (640 modules)
 ✓ Compiled in 218ms (640 modules)
 ✓ Compiled in 233ms (640 modules)
 ✓ Compiled in 226ms (640 modules)
 ✓ Compiled in 221ms (640 modules)
 ✓ Compiled in 215ms (640 modules)
 ✓ Compiled in 221ms (640 modules)
 ✓ Compiled in 217ms (640 modules)
 ✓ Compiled in 222ms (640 modules)
 ✓ Compiled in 218ms (640 modules)
 ✓ Compiled in 215ms (640 modules)
 ✓ Compiled in 242ms (640 modules)
 ✓ Compiled in 224ms (640 modules)
 ✓ Compiled in 225ms (640 modules)
 ✓ Compiled in 231ms (640 modules)
 ✓ Compiled in 249ms (640 modules)
 ✓ Compiled in 233ms (640 modules)
 ✓ Compiled in 232ms (640 modules)
 ✓ Compiled in 228ms (640 modules)
 ✓ Compiled in 250ms (640 modules)
 ✓ Compiled in 237ms (640 modules)
 ✓ Compiled in 224ms (640 modules)
 ✓ Compiled in 241ms (640 modules)
 ✓ Compiled in 238ms (640 modules)
 ✓ Compiled in 229ms (640 modules)
 ✓ Compiled in 225ms (640 modules)
 ✓ Compiled in 220ms (640 modules)
 ✓ Compiled in 225ms (640 modules)
 ✓ Compiled in 230ms (640 modules)
 ✓ Compiled in 217ms (640 modules)
 ✓ Compiled in 224ms (640 modules)
 ✓ Compiled in 217ms (640 modules)
 ✓ Compiled in 223ms (640 modules)
 ✓ Compiled in 218ms (640 modules)
 ✓ Compiled in 248ms (640 modules)
 ✓ Compiled in 218ms (640 modules)
 ✓ Compiled in 229ms (640 modules)
 ✓ Compiled in 228ms (640 modules)
 ✓ Compiled in 224ms (640 modules)
 ✓ Compiled in 221ms (640 modules)
 ✓ Compiled in 230ms (640 modules)
 ✓ Compiled in 244ms (640 modules)
 ✓ Compiled in 553ms (640 modules)
 ✓ Compiled in 325ms (640 modules)
 ✓ Compiled in 370ms (640 modules)
 ✓ Compiled in 343ms (640 modules)
 ✓ Compiled in 375ms (640 modules)
 ✓ Compiled in 357ms (640 modules)
 ✓ Compiled in 324ms (640 modules)
 ✓ Compiled in 318ms (640 modules)
 ✓ Compiled in 310ms (640 modules)
 ✓ Compiled in 312ms (640 modules)
 ✓ Compiled in 314ms (640 modules)
 ✓ Compiled in 309ms (640 modules)
 ✓ Compiled in 322ms (640 modules)
 ✓ Compiled in 325ms (640 modules)
 ✓ Compiled in 318ms (640 modules)
 ✓ Compiled in 331ms (640 modules)
 ✓ Compiled in 319ms (640 modules)
 ✓ Compiled in 327ms (640 modules)
 ✓ Compiled in 248ms (640 modules)
 ✓ Compiled in 214ms (640 modules)
 ✓ Compiled in 211ms (640 modules)
 ✓ Compiled in 212ms (640 modules)
 ✓ Compiled in 211ms (640 modules)
 ✓ Compiled in 221ms (640 modules)
 ✓ Compiled in 222ms (640 modules)
 ✓ Compiled in 227ms (640 modules)
 ✓ Compiled in 208ms (640 modules)
 ✓ Compiled in 253ms (640 modules)
 ✓ Compiled in 211ms (640 modules)
 ✓ Compiled in 209ms (640 modules)
 ✓ Compiled in 207ms (640 modules)
 ✓ Compiled in 223ms (640 modules)
 ✓ Compiled in 200ms (640 modules)
 ✓ Compiled in 208ms (640 modules)
 ✓ Compiled in 293ms (640 modules)
 ✓ Compiled in 305ms (640 modules)
 ✓ Compiled in 219ms (640 modules)
 ✓ Compiled in 221ms (640 modules)
 ✓ Compiled in 213ms (640 modules)
 ✓ Compiled in 215ms (640 modules)
